[rospy.client][INFO] 2025-12-18 07:55:29,386: init_node, name[/default_controllers_spawner], pid[167]
[xmlrpc][INFO] 2025-12-18 07:55:29,386: XML-RPC server binding to 127.0.0.1:0
[xmlrpc][INFO] 2025-12-18 07:55:29,386: Started XML-RPC server [http://127.0.0.1:34087/]
[rospy.init][INFO] 2025-12-18 07:55:29,386: ROS Slave URI: [http://127.0.0.1:34087/]
[rospy.impl.masterslave][INFO] 2025-12-18 07:55:29,386: _ready: http://127.0.0.1:34087/
[rospy.registration][INFO] 2025-12-18 07:55:29,387: Registering with master node http://localhost:11311/
[xmlrpc][INFO] 2025-12-18 07:55:29,387: xml rpc node: starting XML-RPC server
[rospy.init][INFO] 2025-12-18 07:55:29,487: registered with master
[rospy.rosout][INFO] 2025-12-18 07:55:29,487: initializing /rosout core topic
[rospy.rosout][INFO] 2025-12-18 07:55:29,492: connected to core topic /rosout
[rospy.simtime][INFO] 2025-12-18 07:55:29,493: initializing /clock core topic
[rospy.simtime][INFO] 2025-12-18 07:55:29,496: connected to core topic /clock
[rosout][INFO] 2025-12-18 07:55:29,499: Controller Spawner: Waiting for service controller_manager/load_controller
[rospy.internal][INFO] 2025-12-18 07:55:29,687: topic[/rosout] adding connection to [/rosout], count 0
[rospy.internal][INFO] 2025-12-18 07:55:30,110: topic[/clock] adding connection to [http://127.0.0.1:39601/], count 0
[rosout][INFO] 2025-12-18 07:55:31,614: Controller Spawner: Waiting for service controller_manager/switch_controller
[rosout][INFO] 2025-12-18 07:55:31,625: Controller Spawner: Waiting for service controller_manager/unload_controller
[rosout][INFO] 2025-12-18 07:55:31,634: Loading controller: joint_state_controller
[rosout][INFO] 2025-12-18 07:55:31,668: Loading controller: torso_controller
[rosout][INFO] 2025-12-18 07:55:31,731: Loading controller: head_controller
[rosout][INFO] 2025-12-18 07:55:31,777: Loading controller: arm_controller
[rosout][INFO] 2025-12-18 07:55:31,829: Loading controller: mobile_base_controller
[rosout][INFO] 2025-12-18 07:55:31,950: Controller Spawner: Loaded controllers: joint_state_controller, torso_controller, head_controller, arm_controller, mobile_base_controller
[rosout][INFO] 2025-12-18 07:55:31,962: Started controllers: joint_state_controller, torso_controller, head_controller, arm_controller, mobile_base_controller
[rospy.core][INFO] 2025-12-18 08:11:41,011: signal_shutdown [signal-2]
[rosout][INFO] 2025-12-18 08:11:41,012: Shutting down spawner. Stopping and unloading controllers...
[rosout][INFO] 2025-12-18 08:11:42,421: Stopping all controllers...
