[rospy.client][INFO] 2025-12-18 08:18:05,600: init_node, name[/default_controllers_spawner], pid[167]
[xmlrpc][INFO] 2025-12-18 08:18:05,600: XML-RPC server binding to 127.0.0.1:0
[xmlrpc][INFO] 2025-12-18 08:18:05,601: Started XML-RPC server [http://127.0.0.1:35029/]
[rospy.impl.masterslave][INFO] 2025-12-18 08:18:05,601: _ready: http://127.0.0.1:35029/
[rospy.init][INFO] 2025-12-18 08:18:05,601: ROS Slave URI: [http://127.0.0.1:35029/]
[rospy.registration][INFO] 2025-12-18 08:18:05,602: Registering with master node http://localhost:11311/
[xmlrpc][INFO] 2025-12-18 08:18:05,602: xml rpc node: starting XML-RPC server
[rospy.init][INFO] 2025-12-18 08:18:05,702: registered with master
[rospy.rosout][INFO] 2025-12-18 08:18:05,702: initializing /rosout core topic
[rospy.rosout][INFO] 2025-12-18 08:18:05,708: connected to core topic /rosout
[rospy.simtime][INFO] 2025-12-18 08:18:05,710: initializing /clock core topic
[rospy.simtime][INFO] 2025-12-18 08:18:05,714: connected to core topic /clock
[rosout][INFO] 2025-12-18 08:18:05,721: Controller Spawner: Waiting for service controller_manager/load_controller
[rospy.internal][INFO] 2025-12-18 08:18:05,920: topic[/rosout] adding connection to [/rosout], count 0
[rospy.internal][INFO] 2025-12-18 08:18:06,665: topic[/clock] adding connection to [http://127.0.0.1:41135/], count 0
[rosout][INFO] 2025-12-18 08:18:07,841: Controller Spawner: Waiting for service controller_manager/switch_controller
[rosout][INFO] 2025-12-18 08:18:07,854: Controller Spawner: Waiting for service controller_manager/unload_controller
[rosout][INFO] 2025-12-18 08:18:07,861: Loading controller: joint_state_controller
[rosout][INFO] 2025-12-18 08:18:07,885: Loading controller: torso_controller
[rosout][INFO] 2025-12-18 08:18:07,946: Loading controller: head_controller
[rosout][INFO] 2025-12-18 08:18:08,010: Loading controller: arm_controller
[rosout][INFO] 2025-12-18 08:18:08,068: Loading controller: mobile_base_controller
[rosout][INFO] 2025-12-18 08:18:08,249: Controller Spawner: Loaded controllers: joint_state_controller, torso_controller, head_controller, arm_controller, mobile_base_controller
[rosout][INFO] 2025-12-18 08:18:08,264: Started controllers: joint_state_controller, torso_controller, head_controller, arm_controller, mobile_base_controller
[rospy.core][INFO] 2025-12-18 08:30:27,059: signal_shutdown [signal-2]
[rosout][INFO] 2025-12-18 08:30:27,061: Shutting down spawner. Stopping and unloading controllers...
[rosout][INFO] 2025-12-18 08:30:28,218: Stopping all controllers...
