[rospy.client][INFO] 2025-12-18 11:28:14,856: init_node, name[/default_controllers_spawner], pid[167]
[xmlrpc][INFO] 2025-12-18 11:28:14,856: XML-RPC server binding to 127.0.0.1:0
[xmlrpc][INFO] 2025-12-18 11:28:14,856: Started XML-RPC server [http://127.0.0.1:38461/]
[rospy.init][INFO] 2025-12-18 11:28:14,857: ROS Slave URI: [http://127.0.0.1:38461/]
[rospy.impl.masterslave][INFO] 2025-12-18 11:28:14,857: _ready: http://127.0.0.1:38461/
[rospy.registration][INFO] 2025-12-18 11:28:14,857: Registering with master node http://localhost:11311/
[xmlrpc][INFO] 2025-12-18 11:28:14,857: xml rpc node: starting XML-RPC server
[rospy.init][INFO] 2025-12-18 11:28:14,957: registered with master
[rospy.rosout][INFO] 2025-12-18 11:28:14,957: initializing /rosout core topic
[rospy.rosout][INFO] 2025-12-18 11:28:14,962: connected to core topic /rosout
[rospy.simtime][INFO] 2025-12-18 11:28:14,963: initializing /clock core topic
[rospy.simtime][INFO] 2025-12-18 11:28:14,964: connected to core topic /clock
[rosout][INFO] 2025-12-18 11:28:14,967: Controller Spawner: Waiting for service controller_manager/load_controller
[rospy.internal][INFO] 2025-12-18 11:28:15,214: topic[/rosout] adding connection to [/rosout], count 0
[rospy.internal][INFO] 2025-12-18 11:28:15,465: topic[/clock] adding connection to [http://127.0.0.1:43063/], count 0
[rosout][INFO] 2025-12-18 11:28:17,081: Controller Spawner: Waiting for service controller_manager/switch_controller
[rosout][INFO] 2025-12-18 11:28:17,093: Controller Spawner: Waiting for service controller_manager/unload_controller
[rosout][INFO] 2025-12-18 11:28:17,103: Loading controller: joint_state_controller
[rosout][INFO] 2025-12-18 11:28:17,173: Loading controller: torso_controller
[rosout][INFO] 2025-12-18 11:28:17,234: Loading controller: head_controller
[rosout][INFO] 2025-12-18 11:28:17,283: Loading controller: arm_controller
[rosout][INFO] 2025-12-18 11:28:17,366: Loading controller: mobile_base_controller
[rosout][INFO] 2025-12-18 11:28:17,535: Controller Spawner: Loaded controllers: joint_state_controller, torso_controller, head_controller, arm_controller, mobile_base_controller
[rosout][INFO] 2025-12-18 11:28:17,551: Started controllers: joint_state_controller, torso_controller, head_controller, arm_controller, mobile_base_controller
[rospy.core][INFO] 2025-12-18 11:38:37,294: signal_shutdown [signal-2]
[rosout][INFO] 2025-12-18 11:38:37,295: Shutting down spawner. Stopping and unloading controllers...
[rosout][INFO] 2025-12-18 11:38:38,340: Stopping all controllers...
