[rospy.client][INFO] 2025-11-18 22:19:34,472: init_node, name[/deplacement_tiago_arm_1191_1763500774338], pid[1191]
[xmlrpc][INFO] 2025-11-18 22:19:34,472: XML-RPC server binding to 127.0.0.1:0
[xmlrpc][INFO] 2025-11-18 22:19:34,472: Started XML-RPC server [http://127.0.0.1:43335/]
[rospy.init][INFO] 2025-11-18 22:19:34,473: ROS Slave URI: [http://127.0.0.1:43335/]
[rospy.impl.masterslave][INFO] 2025-11-18 22:19:34,473: _ready: http://127.0.0.1:43335/
[rospy.registration][INFO] 2025-11-18 22:19:34,474: Registering with master node http://localhost:11311/
[xmlrpc][INFO] 2025-11-18 22:19:34,474: xml rpc node: starting XML-RPC server
[rospy.init][INFO] 2025-11-18 22:19:34,573: registered with master
[rospy.rosout][INFO] 2025-11-18 22:19:34,573: initializing /rosout core topic
[rospy.rosout][INFO] 2025-11-18 22:19:34,578: connected to core topic /rosout
[rospy.simtime][INFO] 2025-11-18 22:19:34,579: initializing /clock core topic
[rospy.simtime][INFO] 2025-11-18 22:19:34,581: connected to core topic /clock
[rospy.internal][INFO] 2025-11-18 22:19:34,906: topic[/clock] adding connection to [http://127.0.0.1:35551/], count 0
[rospy.internal][INFO] 2025-11-18 22:19:36,035: topic[/rosout] adding connection to [/rosout], count 0
[rosout][INFO] 2025-11-18 22:19:36,032: Abonnement au topic: /xtion/rgb/image_raw
[rospy.internal][INFO] 2025-11-18 22:19:36,076: topic[/xtion/rgb/image_raw] adding connection to [http://127.0.0.1:35551/], count 0
[rosout][INFO] 2025-11-18 22:19:36,090: Image reçue de la caméra
[rosout][INFO] 2025-11-18 22:19:36,098: Image reçue de la caméra
[rospy.internal][INFO] 2025-11-18 22:19:36,138: topic[/collision_object] adding connection to [/move_group], count 0
[rosout][INFO] 2025-11-18 22:19:36,136: Image reçue de la caméra
[rospy.internal][INFO] 2025-11-18 22:19:36,141: topic[/attached_collision_object] adding connection to [/move_group], count 0
[rosout][INFO] 2025-11-18 22:19:36,173: Image reçue de la caméra
[rosout][INFO] 2025-11-18 22:19:36,214: Image reçue de la caméra
[rosout][INFO] 2025-11-18 22:19:36,251: Image reçue de la caméra
[rosout][INFO] 2025-11-18 22:19:36,290: Image reçue de la caméra
[rosout][INFO] 2025-11-18 22:19:36,326: Image reçue de la caméra
[rosout][INFO] 2025-11-18 22:19:36,368: Image reçue de la caméra
[rosout][INFO] 2025-11-18 22:19:36,413: Image reçue de la caméra
[rosout][INFO] 2025-11-18 22:19:36,445: Image reçue de la caméra
[rosout][INFO] 2025-11-18 22:19:36,484: Image reçue de la caméra
[rosout][INFO] 2025-11-18 22:19:36,522: Image reçue de la caméra
[rosout][INFO] 2025-11-18 22:19:36,558: Image reçue de la caméra
[rosout][INFO] 2025-11-18 22:19:36,597: Image reçue de la caméra
[rosout][INFO] 2025-11-18 22:19:36,633: Image reçue de la caméra
[rosout][INFO] 2025-11-18 22:19:36,672: Image reçue de la caméra
[rosout][INFO] 2025-11-18 22:19:36,710: Image reçue de la caméra
[rosout][INFO] 2025-11-18 22:19:36,750: Image reçue de la caméra
[rosout][INFO] 2025-11-18 22:19:36,790: Image reçue de la caméra
[rosout][INFO] 2025-11-18 22:19:36,828: Image reçue de la caméra
[rosout][INFO] 2025-11-18 22:19:36,864: Image reçue de la caméra
[rosout][INFO] 2025-11-18 22:19:36,904: Image reçue de la caméra
[rosout][INFO] 2025-11-18 22:19:36,941: Image reçue de la caméra
[rosout][INFO] 2025-11-18 22:19:36,979: Image reçue de la caméra
[rosout][INFO] 2025-11-18 22:19:37,032: Image reçue de la caméra
[rosout][INFO] 2025-11-18 22:19:37,074: Image reçue de la caméra
[rosout][INFO] 2025-11-18 22:19:37,112: Image reçue de la caméra
[rosout][INFO] 2025-11-18 22:19:37,150: Image reçue de la caméra
[rosout][INFO] 2025-11-18 22:19:37,189: Image reçue de la caméra
[rosout][INFO] 2025-11-18 22:19:37,209: Position 1: centre
[rosout][INFO] 2025-11-18 22:19:37,211: Planification du mouvement du bras...
[rosout][INFO] 2025-11-18 22:19:37,228: Image reçue de la caméra
[rosout][INFO] 2025-11-18 22:19:37,273: Image reçue de la caméra
[rosout][INFO] 2025-11-18 22:19:37,314: Image reçue de la caméra
[rosout][INFO] 2025-11-18 22:19:37,359: Image reçue de la caméra
[rosout][INFO] 2025-11-18 22:19:37,397: Image reçue de la caméra
[rosout][INFO] 2025-11-18 22:19:37,438: Image reçue de la caméra
[rosout][INFO] 2025-11-18 22:19:37,476: Image reçue de la caméra
[rosout][INFO] 2025-11-18 22:19:37,515: Image reçue de la caméra
[rosout][INFO] 2025-11-18 22:19:37,553: Image reçue de la caméra
[rosout][INFO] 2025-11-18 22:19:37,593: Image reçue de la caméra
[rosout][INFO] 2025-11-18 22:19:37,633: Image reçue de la caméra
[rosout][INFO] 2025-11-18 22:19:37,672: Image reçue de la caméra
[rosout][INFO] 2025-11-18 22:19:37,711: Image reçue de la caméra
[rosout][INFO] 2025-11-18 22:19:37,751: Image reçue de la caméra
[rosout][INFO] 2025-11-18 22:19:37,793: Image reçue de la caméra
[rosout][INFO] 2025-11-18 22:19:37,826: Image reçue de la caméra
[rosout][INFO] 2025-11-18 22:19:37,864: Image reçue de la caméra
[rosout][INFO] 2025-11-18 22:19:37,905: Image reçue de la caméra
[rosout][INFO] 2025-11-18 22:19:37,942: Image reçue de la caméra
[rosout][INFO] 2025-11-18 22:19:37,980: Image reçue de la caméra
[rosout][INFO] 2025-11-18 22:19:38,021: Image reçue de la caméra
[rosout][INFO] 2025-11-18 22:19:38,057: Image reçue de la caméra
[rosout][INFO] 2025-11-18 22:19:38,094: Image reçue de la caméra
[rosout][INFO] 2025-11-18 22:19:38,135: Image reçue de la caméra
[rosout][INFO] 2025-11-18 22:19:38,172: Image reçue de la caméra
[rosout][INFO] 2025-11-18 22:19:38,212: Image reçue de la caméra
[rosout][INFO] 2025-11-18 22:19:38,254: Image reçue de la caméra
[rosout][INFO] 2025-11-18 22:19:38,295: Image reçue de la caméra
[rosout][INFO] 2025-11-18 22:19:38,335: Image reçue de la caméra
[rosout][INFO] 2025-11-18 22:19:38,372: Image reçue de la caméra
[rosout][INFO] 2025-11-18 22:19:38,408: Image reçue de la caméra
[rosout][INFO] 2025-11-18 22:19:38,446: Image reçue de la caméra
[rosout][INFO] 2025-11-18 22:19:38,488: Image reçue de la caméra
[rosout][INFO] 2025-11-18 22:19:38,526: Image reçue de la caméra
[rosout][INFO] 2025-11-18 22:19:38,560: Image reçue de la caméra
[rosout][INFO] 2025-11-18 22:19:38,605: Image reçue de la caméra
[rosout][INFO] 2025-11-18 22:19:38,641: Image reçue de la caméra
[rosout][INFO] 2025-11-18 22:19:38,678: Image reçue de la caméra
[rosout][INFO] 2025-11-18 22:19:38,720: Image reçue de la caméra
[rosout][INFO] 2025-11-18 22:19:38,760: Image reçue de la caméra
[rosout][INFO] 2025-11-18 22:19:38,797: Image reçue de la caméra
[rosout][INFO] 2025-11-18 22:19:38,837: Image reçue de la caméra
[rosout][INFO] 2025-11-18 22:19:38,873: Image reçue de la caméra
[rosout][INFO] 2025-11-18 22:19:38,914: Image reçue de la caméra
[rosout][INFO] 2025-11-18 22:19:38,953: Image reçue de la caméra
[rosout][INFO] 2025-11-18 22:19:38,988: Image reçue de la caméra
[rosout][INFO] 2025-11-18 22:19:39,030: Image reçue de la caméra
[rosout][INFO] 2025-11-18 22:19:39,069: Image reçue de la caméra
[rosout][INFO] 2025-11-18 22:19:39,108: Image reçue de la caméra
[rosout][INFO] 2025-11-18 22:19:39,146: Image reçue de la caméra
[rosout][INFO] 2025-11-18 22:19:39,185: Image reçue de la caméra
[rosout][INFO] 2025-11-18 22:19:39,223: Image reçue de la caméra
[rosout][INFO] 2025-11-18 22:19:39,262: Image reçue de la caméra
[rosout][INFO] 2025-11-18 22:19:39,303: Image reçue de la caméra
[rosout][INFO] 2025-11-18 22:19:39,341: Image reçue de la caméra
[rosout][INFO] 2025-11-18 22:19:39,379: Image reçue de la caméra
[rosout][INFO] 2025-11-18 22:19:39,422: Image reçue de la caméra
[rosout][INFO] 2025-11-18 22:19:39,456: Image reçue de la caméra
[rosout][INFO] 2025-11-18 22:19:39,495: Image reçue de la caméra
[rosout][INFO] 2025-11-18 22:19:39,535: Image reçue de la caméra
[rosout][INFO] 2025-11-18 22:19:39,570: Image reçue de la caméra
[rosout][INFO] 2025-11-18 22:19:39,609: Image reçue de la caméra
[rosout][INFO] 2025-11-18 22:19:39,647: Image reçue de la caméra
[rosout][INFO] 2025-11-18 22:19:39,685: Image reçue de la caméra
[rosout][INFO] 2025-11-18 22:19:39,725: Image reçue de la caméra
[rosout][INFO] 2025-11-18 22:19:39,764: Image reçue de la caméra
[rosout][INFO] 2025-11-18 22:19:39,803: Image reçue de la caméra
[rosout][INFO] 2025-11-18 22:19:39,840: Image reçue de la caméra
[rosout][INFO] 2025-11-18 22:19:39,881: Image reçue de la caméra
[rosout][INFO] 2025-11-18 22:19:39,915: Image reçue de la caméra
[rosout][INFO] 2025-11-18 22:19:39,955: Image reçue de la caméra
[rosout][INFO] 2025-11-18 22:19:39,995: Image reçue de la caméra
[rosout][INFO] 2025-11-18 22:19:40,031: Image reçue de la caméra
[rosout][INFO] 2025-11-18 22:19:40,074: Image reçue de la caméra
[rosout][INFO] 2025-11-18 22:19:40,111: Image reçue de la caméra
[rosout][INFO] 2025-11-18 22:19:40,150: Image reçue de la caméra
[rosout][INFO] 2025-11-18 22:19:40,189: Image reçue de la caméra
[rosout][INFO] 2025-11-18 22:19:40,231: Image reçue de la caméra
[rosout][INFO] 2025-11-18 22:19:40,266: Image reçue de la caméra
[rosout][INFO] 2025-11-18 22:19:40,305: Image reçue de la caméra
[rosout][INFO] 2025-11-18 22:19:40,344: Image reçue de la caméra
[rosout][INFO] 2025-11-18 22:19:40,383: Image reçue de la caméra
[rosout][INFO] 2025-11-18 22:19:40,421: Image reçue de la caméra
[rosout][INFO] 2025-11-18 22:19:40,461: Image reçue de la caméra
[rosout][INFO] 2025-11-18 22:19:40,501: Image reçue de la caméra
[rosout][INFO] 2025-11-18 22:19:40,541: Image reçue de la caméra
[rosout][INFO] 2025-11-18 22:19:40,581: Image reçue de la caméra
[rosout][INFO] 2025-11-18 22:19:40,618: Image reçue de la caméra
[rosout][INFO] 2025-11-18 22:19:40,657: Image reçue de la caméra
[rosout][INFO] 2025-11-18 22:19:40,696: Image reçue de la caméra
[rosout][INFO] 2025-11-18 22:19:40,734: Image reçue de la caméra
[rosout][INFO] 2025-11-18 22:19:40,772: Image reçue de la caméra
[rosout][INFO] 2025-11-18 22:19:40,812: Image reçue de la caméra
[rosout][INFO] 2025-11-18 22:19:40,849: Image reçue de la caméra
[rosout][INFO] 2025-11-18 22:19:40,888: Image reçue de la caméra
[rosout][INFO] 2025-11-18 22:19:40,925: Image reçue de la caméra
[rosout][INFO] 2025-11-18 22:19:40,965: Image reçue de la caméra
[rosout][INFO] 2025-11-18 22:19:41,004: Image reçue de la caméra
[rosout][INFO] 2025-11-18 22:19:41,045: Image reçue de la caméra
[rosout][INFO] 2025-11-18 22:19:41,082: Image reçue de la caméra
[rosout][INFO] 2025-11-18 22:19:41,121: Image reçue de la caméra
[rosout][INFO] 2025-11-18 22:19:41,160: Image reçue de la caméra
[rosout][INFO] 2025-11-18 22:19:41,197: Image reçue de la caméra
[rosout][INFO] 2025-11-18 22:19:41,236: Image reçue de la caméra
[rosout][INFO] 2025-11-18 22:19:41,275: Image reçue de la caméra
[rosout][INFO] 2025-11-18 22:19:41,310: Image reçue de la caméra
[rosout][INFO] 2025-11-18 22:19:41,350: Image reçue de la caméra
[rosout][INFO] 2025-11-18 22:19:41,392: Image reçue de la caméra
[rosout][INFO] 2025-11-18 22:19:41,427: Image reçue de la caméra
[rosout][INFO] 2025-11-18 22:19:41,464: Image reçue de la caméra
[rosout][INFO] 2025-11-18 22:19:41,504: Image reçue de la caméra
[rosout][INFO] 2025-11-18 22:19:41,542: Image reçue de la caméra
[rosout][INFO] 2025-11-18 22:19:41,582: Image reçue de la caméra
[rosout][INFO] 2025-11-18 22:19:41,620: Image reçue de la caméra
[rosout][INFO] 2025-11-18 22:19:41,657: Image reçue de la caméra
[rosout][INFO] 2025-11-18 22:19:41,697: Image reçue de la caméra
[rosout][INFO] 2025-11-18 22:19:41,737: Image reçue de la caméra
[rosout][INFO] 2025-11-18 22:19:41,775: Image reçue de la caméra
[rosout][INFO] 2025-11-18 22:19:41,813: Image reçue de la caméra
[rosout][INFO] 2025-11-18 22:19:41,854: Image reçue de la caméra
[rosout][INFO] 2025-11-18 22:19:41,893: Image reçue de la caméra
[rosout][INFO] 2025-11-18 22:19:41,897: Mouvement du bras exécuté avec succès.
[rosout][INFO] 2025-11-18 22:19:41,932: Image reçue de la caméra
[rosout][INFO] 2025-11-18 22:19:41,971: Image reçue de la caméra
[rosout][INFO] 2025-11-18 22:19:42,010: Image reçue de la caméra
[rosout][INFO] 2025-11-18 22:19:42,047: Image reçue de la caméra
[rosout][INFO] 2025-11-18 22:19:42,090: Image reçue de la caméra
[rosout][INFO] 2025-11-18 22:19:42,126: Image reçue de la caméra
[rosout][INFO] 2025-11-18 22:19:42,167: Image reçue de la caméra
[rosout][INFO] 2025-11-18 22:19:42,206: Image reçue de la caméra
[rosout][INFO] 2025-11-18 22:19:42,249: Image reçue de la caméra
[rosout][INFO] 2025-11-18 22:19:42,286: Image reçue de la caméra
[rosout][INFO] 2025-11-18 22:19:42,324: Image reçue de la caméra
[rosout][INFO] 2025-11-18 22:19:42,361: Image reçue de la caméra
[rosout][INFO] 2025-11-18 22:19:42,398: Image reçue de la caméra
[rosout][INFO] 2025-11-18 22:19:42,440: Image reçue de la caméra
[rosout][INFO] 2025-11-18 22:19:42,476: Image reçue de la caméra
[rosout][INFO] 2025-11-18 22:19:42,514: Image reçue de la caméra
[rosout][INFO] 2025-11-18 22:19:42,554: Image reçue de la caméra
[rosout][INFO] 2025-11-18 22:19:42,590: Image reçue de la caméra
[rosout][INFO] 2025-11-18 22:19:42,630: Image reçue de la caméra
[rosout][INFO] 2025-11-18 22:19:42,668: Image reçue de la caméra
[rosout][INFO] 2025-11-18 22:19:42,706: Image reçue de la caméra
[rosout][INFO] 2025-11-18 22:19:42,744: Image reçue de la caméra
[rosout][INFO] 2025-11-18 22:19:42,784: Image reçue de la caméra
[rosout][INFO] 2025-11-18 22:19:42,824: Image reçue de la caméra
[rosout][INFO] 2025-11-18 22:19:42,863: Image reçue de la caméra
[rosout][INFO] 2025-11-18 22:19:42,902: Image reçue de la caméra
[rosout][INFO] 2025-11-18 22:19:42,941: Image reçue de la caméra
[rosout][INFO] 2025-11-18 22:19:42,978: Image reçue de la caméra
[rosout][INFO] 2025-11-18 22:19:43,016: Image reçue de la caméra
[rosout][INFO] 2025-11-18 22:19:43,055: Image reçue de la caméra
[rosout][INFO] 2025-11-18 22:19:43,093: Image reçue de la caméra
[rosout][INFO] 2025-11-18 22:19:43,133: Image reçue de la caméra
[rosout][INFO] 2025-11-18 22:19:43,172: Image reçue de la caméra
[rosout][INFO] 2025-11-18 22:19:43,209: Image reçue de la caméra
[rosout][INFO] 2025-11-18 22:19:43,248: Image reçue de la caméra
[rosout][INFO] 2025-11-18 22:19:43,285: Image reçue de la caméra
[rosout][INFO] 2025-11-18 22:19:43,325: Image reçue de la caméra
[rosout][INFO] 2025-11-18 22:19:43,365: Image reçue de la caméra
[rosout][INFO] 2025-11-18 22:19:43,401: Image reçue de la caméra
[rosout][INFO] 2025-11-18 22:19:43,438: Image reçue de la caméra
[rosout][INFO] 2025-11-18 22:19:43,478: Image reçue de la caméra
[rosout][INFO] 2025-11-18 22:19:43,514: Image reçue de la caméra
[rosout][INFO] 2025-11-18 22:19:43,552: Image reçue de la caméra
[rosout][INFO] 2025-11-18 22:19:43,592: Image reçue de la caméra
[rosout][INFO] 2025-11-18 22:19:43,629: Image reçue de la caméra
[rosout][INFO] 2025-11-18 22:19:43,665: Image reçue de la caméra
[rosout][INFO] 2025-11-18 22:19:43,704: Image reçue de la caméra
[rosout][INFO] 2025-11-18 22:19:43,742: Image reçue de la caméra
[rosout][INFO] 2025-11-18 22:19:43,781: Image reçue de la caméra
[rosout][INFO] 2025-11-18 22:19:43,821: Image reçue de la caméra
[rosout][INFO] 2025-11-18 22:19:43,862: Image reçue de la caméra
[rosout][INFO] 2025-11-18 22:19:43,905: Image reçue de la caméra
[rosout][INFO] 2025-11-18 22:19:43,943: Image reçue de la caméra
[rosout][INFO] 2025-11-18 22:19:43,986: Image reçue de la caméra
[rosout][INFO] 2025-11-18 22:19:44,024: Image reçue de la caméra
[rosout][INFO] 2025-11-18 22:19:44,066: Image reçue de la caméra
[rosout][INFO] 2025-11-18 22:19:44,106: Image reçue de la caméra
[rosout][INFO] 2025-11-18 22:19:44,146: Image reçue de la caméra
[rosout][INFO] 2025-11-18 22:19:44,186: Image reçue de la caméra
[rosout][INFO] 2025-11-18 22:19:44,225: Image reçue de la caméra
[rosout][INFO] 2025-11-18 22:19:44,249: Image sauvegardée : /home/pal/ros_ws/data/images/calib_centre_00.png
[rosout][INFO] 2025-11-18 22:19:44,267: Image reçue de la caméra
[rosout][INFO] 2025-11-18 22:19:44,315: Image reçue de la caméra
[rosout][INFO] 2025-11-18 22:19:44,352: Image reçue de la caméra
[rosout][INFO] 2025-11-18 22:19:44,399: Image reçue de la caméra
[rosout][INFO] 2025-11-18 22:19:44,443: Image reçue de la caméra
[rosout][INFO] 2025-11-18 22:19:44,485: Image reçue de la caméra
[rosout][INFO] 2025-11-18 22:19:44,526: Image reçue de la caméra
[rosout][INFO] 2025-11-18 22:19:44,568: Image reçue de la caméra
[rosout][INFO] 2025-11-18 22:19:44,606: Image reçue de la caméra
[rosout][INFO] 2025-11-18 22:19:44,655: Image reçue de la caméra
[rosout][INFO] 2025-11-18 22:19:44,695: Image reçue de la caméra
[rosout][INFO] 2025-11-18 22:19:44,735: Image reçue de la caméra
[rosout][INFO] 2025-11-18 22:19:44,771: Image reçue de la caméra
[rosout][INFO] 2025-11-18 22:19:44,809: Image reçue de la caméra
[rosout][INFO] 2025-11-18 22:19:44,847: Image reçue de la caméra
[rosout][INFO] 2025-11-18 22:19:44,887: Image reçue de la caméra
[rosout][INFO] 2025-11-18 22:19:44,931: Image reçue de la caméra
[rosout][INFO] 2025-11-18 22:19:44,967: Image reçue de la caméra
[rosout][INFO] 2025-11-18 22:19:45,017: Image reçue de la caméra
[rosout][INFO] 2025-11-18 22:19:45,066: Image reçue de la caméra
[rosout][INFO] 2025-11-18 22:19:45,110: Image reçue de la caméra
[rosout][INFO] 2025-11-18 22:19:45,146: Image reçue de la caméra
[rosout][INFO] 2025-11-18 22:19:45,190: Image reçue de la caméra
[rosout][INFO] 2025-11-18 22:19:45,251: Image reçue de la caméra
[rosout][INFO] 2025-11-18 22:19:45,291: Image reçue de la caméra
[rosout][INFO] 2025-11-18 22:19:45,335: Image reçue de la caméra
[rosout][INFO] 2025-11-18 22:19:45,375: Image reçue de la caméra
[rosout][INFO] 2025-11-18 22:19:45,412: Image reçue de la caméra
[rosout][INFO] 2025-11-18 22:19:45,451: Image reçue de la caméra
[rosout][INFO] 2025-11-18 22:19:45,489: Image reçue de la caméra
[rosout][INFO] 2025-11-18 22:19:45,519: Position 2: gauche
[rosout][INFO] 2025-11-18 22:19:45,523: Planification du mouvement du bras...
[rosout][INFO] 2025-11-18 22:19:45,530: Image reçue de la caméra
[rosout][INFO] 2025-11-18 22:19:45,573: Image reçue de la caméra
[rosout][INFO] 2025-11-18 22:19:45,616: Image reçue de la caméra
[rosout][INFO] 2025-11-18 22:19:45,659: Image reçue de la caméra
[rosout][INFO] 2025-11-18 22:19:45,702: Image reçue de la caméra
[rosout][INFO] 2025-11-18 22:19:45,739: Image reçue de la caméra
[rosout][INFO] 2025-11-18 22:19:45,788: Image reçue de la caméra
[rosout][INFO] 2025-11-18 22:19:45,825: Image reçue de la caméra
[rosout][INFO] 2025-11-18 22:19:45,866: Image reçue de la caméra
[rosout][INFO] 2025-11-18 22:19:45,906: Image reçue de la caméra
[rosout][INFO] 2025-11-18 22:19:45,949: Image reçue de la caméra
[rosout][INFO] 2025-11-18 22:19:45,988: Image reçue de la caméra
[rosout][INFO] 2025-11-18 22:19:46,036: Image reçue de la caméra
[rosout][INFO] 2025-11-18 22:19:46,075: Image reçue de la caméra
[rosout][INFO] 2025-11-18 22:19:46,112: Image reçue de la caméra
[rosout][INFO] 2025-11-18 22:19:46,154: Image reçue de la caméra
[rosout][INFO] 2025-11-18 22:19:46,194: Image reçue de la caméra
[rosout][INFO] 2025-11-18 22:19:46,233: Image reçue de la caméra
[rosout][INFO] 2025-11-18 22:19:46,284: Image reçue de la caméra
[rosout][INFO] 2025-11-18 22:19:46,329: Image reçue de la caméra
[rosout][INFO] 2025-11-18 22:19:46,364: Image reçue de la caméra
[rosout][INFO] 2025-11-18 22:19:46,404: Image reçue de la caméra
[rosout][INFO] 2025-11-18 22:19:46,449: Image reçue de la caméra
[rosout][INFO] 2025-11-18 22:19:46,484: Image reçue de la caméra
[rosout][INFO] 2025-11-18 22:19:46,524: Image reçue de la caméra
[rosout][INFO] 2025-11-18 22:19:46,571: Image reçue de la caméra
[rosout][INFO] 2025-11-18 22:19:46,612: Image reçue de la caméra
[rosout][INFO] 2025-11-18 22:19:46,651: Image reçue de la caméra
[rosout][INFO] 2025-11-18 22:19:46,690: Image reçue de la caméra
[rosout][INFO] 2025-11-18 22:19:46,732: Image reçue de la caméra
[rosout][INFO] 2025-11-18 22:19:46,785: Image reçue de la caméra
[rosout][INFO] 2025-11-18 22:19:46,850: Image reçue de la caméra
[rosout][INFO] 2025-11-18 22:19:46,932: Image reçue de la caméra
[rosout][INFO] 2025-11-18 22:19:47,016: Image reçue de la caméra
[rosout][INFO] 2025-11-18 22:19:47,172: Image reçue de la caméra
[rosout][INFO] 2025-11-18 22:19:47,314: Image reçue de la caméra
[rosout][INFO] 2025-11-18 22:19:47,412: Image reçue de la caméra
[rosout][INFO] 2025-11-18 22:19:47,586: Image reçue de la caméra
[rosout][INFO] 2025-11-18 22:19:47,737: Image reçue de la caméra
[rosout][INFO] 2025-11-18 22:19:47,838: Image reçue de la caméra
[rosout][INFO] 2025-11-18 22:19:47,997: Image reçue de la caméra
[rosout][INFO] 2025-11-18 22:19:48,164: Image reçue de la caméra
[rosout][INFO] 2025-11-18 22:19:48,243: Image reçue de la caméra
[rosout][INFO] 2025-11-18 22:19:48,365: Image reçue de la caméra
[rosout][INFO] 2025-11-18 22:19:48,490: Image reçue de la caméra
[rosout][INFO] 2025-11-18 22:19:48,586: Image reçue de la caméra
[rosout][INFO] 2025-11-18 22:19:48,693: Image reçue de la caméra
[rosout][INFO] 2025-11-18 22:19:48,812: Image reçue de la caméra
[rosout][INFO] 2025-11-18 22:19:48,901: Image reçue de la caméra
[rosout][INFO] 2025-11-18 22:19:49,030: Image reçue de la caméra
[rosout][INFO] 2025-11-18 22:19:49,121: Image reçue de la caméra
[rosout][INFO] 2025-11-18 22:19:49,228: Image reçue de la caméra
[rosout][INFO] 2025-11-18 22:19:49,354: Image reçue de la caméra
[rosout][INFO] 2025-11-18 22:19:49,453: Image reçue de la caméra
[rosout][INFO] 2025-11-18 22:19:49,544: Image reçue de la caméra
[rosout][INFO] 2025-11-18 22:19:49,653: Image reçue de la caméra
[rosout][INFO] 2025-11-18 22:19:49,757: Image reçue de la caméra
[rosout][INFO] 2025-11-18 22:19:49,834: Image reçue de la caméra
[rosout][INFO] 2025-11-18 22:19:49,971: Image reçue de la caméra
[rosout][INFO] 2025-11-18 22:19:50,057: Image reçue de la caméra
[rosout][INFO] 2025-11-18 22:19:50,153: Image reçue de la caméra
[rosout][INFO] 2025-11-18 22:19:50,272: Image reçue de la caméra
[rosout][INFO] 2025-11-18 22:19:50,355: Image reçue de la caméra
[rosout][INFO] 2025-11-18 22:19:50,480: Image reçue de la caméra
[rosout][INFO] 2025-11-18 22:19:50,582: Image reçue de la caméra
[rosout][INFO] 2025-11-18 22:19:50,688: Image reçue de la caméra
[rosout][INFO] 2025-11-18 22:19:50,780: Image reçue de la caméra
[rosout][INFO] 2025-11-18 22:19:50,908: Image reçue de la caméra
[rosout][INFO] 2025-11-18 22:19:51,002: Image reçue de la caméra
[rosout][INFO] 2025-11-18 22:19:51,092: Image reçue de la caméra
[rosout][INFO] 2025-11-18 22:19:51,179: Image reçue de la caméra
[rosout][INFO] 2025-11-18 22:19:51,268: Image reçue de la caméra
[rosout][INFO] 2025-11-18 22:19:51,371: Image reçue de la caméra
[rosout][INFO] 2025-11-18 22:19:51,467: Image reçue de la caméra
[rosout][INFO] 2025-11-18 22:19:51,588: Image reçue de la caméra
[rosout][INFO] 2025-11-18 22:19:51,662: Image reçue de la caméra
[rosout][INFO] 2025-11-18 22:19:51,786: Image reçue de la caméra
[rosout][INFO] 2025-11-18 22:19:51,943: Image reçue de la caméra
[rosout][INFO] 2025-11-18 22:19:52,092: Image reçue de la caméra
[rosout][INFO] 2025-11-18 22:19:52,256: Image reçue de la caméra
[rosout][INFO] 2025-11-18 22:19:52,422: Image reçue de la caméra
[rosout][INFO] 2025-11-18 22:19:52,540: Image reçue de la caméra
[rosout][INFO] 2025-11-18 22:19:52,695: Image reçue de la caméra
[rosout][INFO] 2025-11-18 22:19:52,760: Image reçue de la caméra
[rosout][INFO] 2025-11-18 22:19:52,851: Image reçue de la caméra
[rosout][INFO] 2025-11-18 22:19:52,991: Image reçue de la caméra
[rosout][INFO] 2025-11-18 22:19:53,104: Image reçue de la caméra
[rosout][INFO] 2025-11-18 22:19:53,227: Image reçue de la caméra
[rosout][INFO] 2025-11-18 22:19:53,317: Image reçue de la caméra
[rosout][INFO] 2025-11-18 22:19:53,460: Image reçue de la caméra
[rosout][INFO] 2025-11-18 22:19:53,581: Image reçue de la caméra
[rosout][INFO] 2025-11-18 22:19:53,673: Image reçue de la caméra
[rosout][INFO] 2025-11-18 22:19:53,778: Image reçue de la caméra
[rosout][INFO] 2025-11-18 22:19:53,865: Image reçue de la caméra
[rosout][INFO] 2025-11-18 22:19:53,967: Image reçue de la caméra
[rosout][INFO] 2025-11-18 22:19:54,076: Image reçue de la caméra
[rosout][INFO] 2025-11-18 22:19:54,181: Image reçue de la caméra
[rosout][INFO] 2025-11-18 22:19:54,293: Image reçue de la caméra
[rosout][INFO] 2025-11-18 22:19:54,392: Image reçue de la caméra
[rosout][INFO] 2025-11-18 22:19:54,489: Mouvement du bras exécuté avec succès.
[rosout][INFO] 2025-11-18 22:19:54,501: Image reçue de la caméra
[rosout][INFO] 2025-11-18 22:19:54,651: Image reçue de la caméra
[rosout][INFO] 2025-11-18 22:19:54,691: Image reçue de la caméra
[rosout][INFO] 2025-11-18 22:19:54,799: Image reçue de la caméra
[rosout][INFO] 2025-11-18 22:19:54,902: Image reçue de la caméra
[rosout][INFO] 2025-11-18 22:19:55,042: Image reçue de la caméra
[rosout][INFO] 2025-11-18 22:19:55,131: Image reçue de la caméra
[rosout][INFO] 2025-11-18 22:19:55,328: Image reçue de la caméra
[rosout][INFO] 2025-11-18 22:19:55,408: Image reçue de la caméra
[rosout][INFO] 2025-11-18 22:19:55,510: Image reçue de la caméra
[rosout][INFO] 2025-11-18 22:19:55,640: Image reçue de la caméra
[rosout][INFO] 2025-11-18 22:19:55,740: Image reçue de la caméra
[rosout][INFO] 2025-11-18 22:19:55,795: Image reçue de la caméra
[rosout][INFO] 2025-11-18 22:19:55,932: Image reçue de la caméra
[rosout][INFO] 2025-11-18 22:19:56,019: Image reçue de la caméra
[rosout][INFO] 2025-11-18 22:19:56,111: Image reçue de la caméra
[rosout][INFO] 2025-11-18 22:19:56,217: Image reçue de la caméra
[rosout][INFO] 2025-11-18 22:19:56,317: Image reçue de la caméra
[rosout][INFO] 2025-11-18 22:19:56,420: Image reçue de la caméra
[rosout][INFO] 2025-11-18 22:19:56,531: Image reçue de la caméra
[rosout][INFO] 2025-11-18 22:19:56,644: Image reçue de la caméra
[rosout][INFO] 2025-11-18 22:19:56,716: Image reçue de la caméra
[rosout][INFO] 2025-11-18 22:19:56,836: Image reçue de la caméra
[rosout][INFO] 2025-11-18 22:19:56,911: Image reçue de la caméra
[rosout][INFO] 2025-11-18 22:19:57,040: Image reçue de la caméra
[rosout][INFO] 2025-11-18 22:19:57,147: Image reçue de la caméra
[rosout][INFO] 2025-11-18 22:19:57,260: Image reçue de la caméra
[rosout][INFO] 2025-11-18 22:19:57,335: Image reçue de la caméra
[rosout][INFO] 2025-11-18 22:19:57,460: Image reçue de la caméra
[rosout][INFO] 2025-11-18 22:19:57,536: Image reçue de la caméra
[rosout][INFO] 2025-11-18 22:19:57,620: Image reçue de la caméra
[rosout][INFO] 2025-11-18 22:19:57,748: Image reçue de la caméra
[rosout][INFO] 2025-11-18 22:19:57,853: Image reçue de la caméra
[rosout][INFO] 2025-11-18 22:19:57,949: Image reçue de la caméra
[rosout][INFO] 2025-11-18 22:19:58,057: Image reçue de la caméra
[rosout][INFO] 2025-11-18 22:19:58,153: Image reçue de la caméra
[rosout][INFO] 2025-11-18 22:19:58,292: Image reçue de la caméra
[rosout][INFO] 2025-11-18 22:19:58,401: Image reçue de la caméra
[rosout][INFO] 2025-11-18 22:19:58,524: Image reçue de la caméra
[rosout][INFO] 2025-11-18 22:19:58,661: Image reçue de la caméra
[rosout][INFO] 2025-11-18 22:19:58,807: Image reçue de la caméra
[rosout][INFO] 2025-11-18 22:19:58,924: Image reçue de la caméra
[rosout][INFO] 2025-11-18 22:19:59,026: Image reçue de la caméra
[rosout][INFO] 2025-11-18 22:19:59,149: Image reçue de la caméra
[rosout][INFO] 2025-11-18 22:19:59,225: Image reçue de la caméra
[rosout][INFO] 2025-11-18 22:19:59,352: Image reçue de la caméra
[rosout][INFO] 2025-11-18 22:19:59,496: Image reçue de la caméra
[rosout][INFO] 2025-11-18 22:19:59,608: Image reçue de la caméra
[rosout][INFO] 2025-11-18 22:19:59,713: Image reçue de la caméra
[rosout][INFO] 2025-11-18 22:19:59,817: Image reçue de la caméra
[rosout][INFO] 2025-11-18 22:19:59,925: Image reçue de la caméra
[rosout][INFO] 2025-11-18 22:20:00,012: Image reçue de la caméra
[rosout][INFO] 2025-11-18 22:20:00,102: Image reçue de la caméra
[rosout][INFO] 2025-11-18 22:20:00,188: Image reçue de la caméra
[rosout][INFO] 2025-11-18 22:20:00,275: Image reçue de la caméra
[rosout][INFO] 2025-11-18 22:20:00,386: Image reçue de la caméra
[rosout][INFO] 2025-11-18 22:20:00,473: Image reçue de la caméra
[rosout][INFO] 2025-11-18 22:20:00,555: Image reçue de la caméra
[rosout][INFO] 2025-11-18 22:20:00,651: Image reçue de la caméra
[rosout][INFO] 2025-11-18 22:20:00,780: Image reçue de la caméra
[rosout][INFO] 2025-11-18 22:20:00,862: Image reçue de la caméra
[rosout][INFO] 2025-11-18 22:20:00,884: Image sauvegardée : /home/pal/ros_ws/data/images/calib_gauche_01.png
[rosout][INFO] 2025-11-18 22:20:00,968: Image reçue de la caméra
[rosout][INFO] 2025-11-18 22:20:01,081: Image reçue de la caméra
[rosout][INFO] 2025-11-18 22:20:01,183: Image reçue de la caméra
[rosout][INFO] 2025-11-18 22:20:01,299: Image reçue de la caméra
[rosout][INFO] 2025-11-18 22:20:01,429: Image reçue de la caméra
[rosout][INFO] 2025-11-18 22:20:01,535: Image reçue de la caméra
[rosout][INFO] 2025-11-18 22:20:01,674: Image reçue de la caméra
[rosout][INFO] 2025-11-18 22:20:01,732: Image reçue de la caméra
[rosout][INFO] 2025-11-18 22:20:01,801: Image reçue de la caméra
[rosout][INFO] 2025-11-18 22:20:01,905: Image reçue de la caméra
[rosout][INFO] 2025-11-18 22:20:02,008: Image reçue de la caméra
[rosout][INFO] 2025-11-18 22:20:02,091: Image reçue de la caméra
[rosout][INFO] 2025-11-18 22:20:02,222: Image reçue de la caméra
[rosout][INFO] 2025-11-18 22:20:02,328: Image reçue de la caméra
[rosout][INFO] 2025-11-18 22:20:02,397: Image reçue de la caméra
[rosout][INFO] 2025-11-18 22:20:02,495: Image reçue de la caméra
[rosout][INFO] 2025-11-18 22:20:02,565: Image reçue de la caméra
[rosout][INFO] 2025-11-18 22:20:02,686: Image reçue de la caméra
[rosout][INFO] 2025-11-18 22:20:02,775: Image reçue de la caméra
[rosout][INFO] 2025-11-18 22:20:02,864: Image reçue de la caméra
[rosout][INFO] 2025-11-18 22:20:02,976: Image reçue de la caméra
[rosout][INFO] 2025-11-18 22:20:03,050: Image reçue de la caméra
[rosout][INFO] 2025-11-18 22:20:03,151: Image reçue de la caméra
[rosout][INFO] 2025-11-18 22:20:03,243: Image reçue de la caméra
[rosout][INFO] 2025-11-18 22:20:03,319: Image reçue de la caméra
[rosout][INFO] 2025-11-18 22:20:03,397: Image reçue de la caméra
[rosout][INFO] 2025-11-18 22:20:03,494: Image reçue de la caméra
[rosout][INFO] 2025-11-18 22:20:03,588: Image reçue de la caméra
[rosout][INFO] 2025-11-18 22:20:03,674: Image reçue de la caméra
[rosout][INFO] 2025-11-18 22:20:03,760: Image reçue de la caméra
[rosout][INFO] 2025-11-18 22:20:03,803: Position 3: droite
[rosout][INFO] 2025-11-18 22:20:03,811: Planification du mouvement du bras...
[rosout][INFO] 2025-11-18 22:20:03,879: Image reçue de la caméra
[rosout][INFO] 2025-11-18 22:20:03,986: Image reçue de la caméra
[rosout][INFO] 2025-11-18 22:20:04,082: Image reçue de la caméra
[rosout][INFO] 2025-11-18 22:20:04,199: Image reçue de la caméra
[rosout][INFO] 2025-11-18 22:20:04,287: Image reçue de la caméra
[rosout][INFO] 2025-11-18 22:20:04,384: Image reçue de la caméra
[rosout][INFO] 2025-11-18 22:20:04,474: Image reçue de la caméra
[rosout][INFO] 2025-11-18 22:20:04,588: Image reçue de la caméra
[rosout][INFO] 2025-11-18 22:20:04,678: Image reçue de la caméra
[rosout][INFO] 2025-11-18 22:20:04,784: Image reçue de la caméra
[rosout][INFO] 2025-11-18 22:20:04,897: Image reçue de la caméra
[rosout][INFO] 2025-11-18 22:20:05,001: Image reçue de la caméra
[rosout][INFO] 2025-11-18 22:20:05,085: Image reçue de la caméra
[rosout][INFO] 2025-11-18 22:20:05,164: Image reçue de la caméra
[rosout][INFO] 2025-11-18 22:20:05,277: Image reçue de la caméra
[rosout][INFO] 2025-11-18 22:20:05,376: Image reçue de la caméra
[rosout][INFO] 2025-11-18 22:20:05,469: Image reçue de la caméra
[rosout][INFO] 2025-11-18 22:20:05,578: Image reçue de la caméra
[rosout][INFO] 2025-11-18 22:20:05,672: Image reçue de la caméra
[rosout][INFO] 2025-11-18 22:20:05,774: Image reçue de la caméra
[rosout][INFO] 2025-11-18 22:20:05,858: Image reçue de la caméra
[rosout][INFO] 2025-11-18 22:20:05,950: Image reçue de la caméra
[rosout][INFO] 2025-11-18 22:20:06,033: Image reçue de la caméra
[rosout][INFO] 2025-11-18 22:20:06,129: Image reçue de la caméra
[rosout][INFO] 2025-11-18 22:20:06,220: Image reçue de la caméra
[rosout][INFO] 2025-11-18 22:20:06,323: Image reçue de la caméra
[rosout][INFO] 2025-11-18 22:20:06,434: Image reçue de la caméra
[rosout][INFO] 2025-11-18 22:20:06,545: Image reçue de la caméra
[rosout][INFO] 2025-11-18 22:20:06,651: Image reçue de la caméra
[rosout][INFO] 2025-11-18 22:20:06,741: Image reçue de la caméra
[rosout][INFO] 2025-11-18 22:20:06,886: Image reçue de la caméra
[rosout][INFO] 2025-11-18 22:20:06,976: Image reçue de la caméra
[rosout][INFO] 2025-11-18 22:20:07,075: Image reçue de la caméra
[rosout][INFO] 2025-11-18 22:20:07,174: Image reçue de la caméra
[rosout][INFO] 2025-11-18 22:20:07,258: Image reçue de la caméra
[rosout][INFO] 2025-11-18 22:20:07,333: Image reçue de la caméra
[rosout][INFO] 2025-11-18 22:20:07,431: Image reçue de la caméra
[rosout][INFO] 2025-11-18 22:20:07,543: Image reçue de la caméra
[rosout][INFO] 2025-11-18 22:20:07,640: Image reçue de la caméra
[rosout][INFO] 2025-11-18 22:20:07,739: Image reçue de la caméra
[rosout][INFO] 2025-11-18 22:20:07,845: Image reçue de la caméra
[rosout][INFO] 2025-11-18 22:20:07,948: Image reçue de la caméra
[rosout][INFO] 2025-11-18 22:20:08,034: Image reçue de la caméra
[rosout][INFO] 2025-11-18 22:20:08,166: Image reçue de la caméra
[rosout][INFO] 2025-11-18 22:20:08,262: Image reçue de la caméra
[rosout][INFO] 2025-11-18 22:20:08,365: Image reçue de la caméra
[rosout][INFO] 2025-11-18 22:20:08,461: Image reçue de la caméra
[rosout][INFO] 2025-11-18 22:20:08,532: Image reçue de la caméra
[rosout][INFO] 2025-11-18 22:20:08,649: Image reçue de la caméra
[rosout][INFO] 2025-11-18 22:20:08,731: Image reçue de la caméra
[rosout][INFO] 2025-11-18 22:20:08,833: Image reçue de la caméra
[rosout][INFO] 2025-11-18 22:20:08,934: Image reçue de la caméra
[rosout][INFO] 2025-11-18 22:20:09,047: Image reçue de la caméra
[rosout][INFO] 2025-11-18 22:20:09,121: Image reçue de la caméra
[rosout][INFO] 2025-11-18 22:20:09,203: Image reçue de la caméra
[rosout][INFO] 2025-11-18 22:20:09,323: Image reçue de la caméra
[rosout][INFO] 2025-11-18 22:20:09,426: Image reçue de la caméra
[rosout][INFO] 2025-11-18 22:20:09,521: Image reçue de la caméra
[rosout][INFO] 2025-11-18 22:20:09,647: Image reçue de la caméra
[rosout][INFO] 2025-11-18 22:20:09,720: Image reçue de la caméra
[rosout][INFO] 2025-11-18 22:20:09,849: Image reçue de la caméra
[rosout][INFO] 2025-11-18 22:20:09,932: Image reçue de la caméra
[rosout][INFO] 2025-11-18 22:20:10,029: Image reçue de la caméra
[rosout][INFO] 2025-11-18 22:20:10,140: Image reçue de la caméra
[rosout][INFO] 2025-11-18 22:20:10,224: Image reçue de la caméra
[rosout][INFO] 2025-11-18 22:20:10,302: Image reçue de la caméra
[rosout][INFO] 2025-11-18 22:20:10,393: Image reçue de la caméra
[rosout][INFO] 2025-11-18 22:20:10,487: Image reçue de la caméra
[rosout][INFO] 2025-11-18 22:20:10,573: Image reçue de la caméra
[rosout][INFO] 2025-11-18 22:20:10,685: Image reçue de la caméra
[rosout][INFO] 2025-11-18 22:20:10,781: Image reçue de la caméra
[rosout][INFO] 2025-11-18 22:20:10,865: Image reçue de la caméra
[rosout][INFO] 2025-11-18 22:20:10,964: Image reçue de la caméra
[rosout][INFO] 2025-11-18 22:20:11,056: Image reçue de la caméra
[rosout][INFO] 2025-11-18 22:20:11,143: Image reçue de la caméra
[rosout][INFO] 2025-11-18 22:20:11,233: Image reçue de la caméra
[rosout][INFO] 2025-11-18 22:20:11,339: Image reçue de la caméra
[rosout][INFO] 2025-11-18 22:20:11,409: Image reçue de la caméra
[rosout][INFO] 2025-11-18 22:20:11,500: Image reçue de la caméra
[rosout][INFO] 2025-11-18 22:20:11,596: Image reçue de la caméra
[rosout][INFO] 2025-11-18 22:20:11,680: Image reçue de la caméra
[rosout][INFO] 2025-11-18 22:20:11,794: Image reçue de la caméra
[rosout][INFO] 2025-11-18 22:20:11,890: Image reçue de la caméra
[rosout][INFO] 2025-11-18 22:20:11,986: Image reçue de la caméra
[rosout][INFO] 2025-11-18 22:20:12,102: Image reçue de la caméra
[rosout][INFO] 2025-11-18 22:20:12,225: Image reçue de la caméra
[rosout][INFO] 2025-11-18 22:20:12,277: Image reçue de la caméra
[rosout][INFO] 2025-11-18 22:20:12,370: Image reçue de la caméra
[rosout][INFO] 2025-11-18 22:20:12,459: Image reçue de la caméra
[rosout][INFO] 2025-11-18 22:20:12,513: Image reçue de la caméra
[rosout][INFO] 2025-11-18 22:20:12,649: Image reçue de la caméra
[rosout][INFO] 2025-11-18 22:20:12,747: Image reçue de la caméra
[rosout][INFO] 2025-11-18 22:20:12,861: Image reçue de la caméra
[rosout][INFO] 2025-11-18 22:20:12,958: Image reçue de la caméra
[rosout][INFO] 2025-11-18 22:20:13,067: Image reçue de la caméra
[rosout][INFO] 2025-11-18 22:20:13,178: Image reçue de la caméra
[rosout][INFO] 2025-11-18 22:20:13,279: Image reçue de la caméra
[rosout][INFO] 2025-11-18 22:20:13,354: Mouvement du bras exécuté avec succès.
[rosout][INFO] 2025-11-18 22:20:13,381: Image reçue de la caméra
[rosout][INFO] 2025-11-18 22:20:13,453: Image reçue de la caméra
[rosout][INFO] 2025-11-18 22:20:13,551: Image reçue de la caméra
[rosout][INFO] 2025-11-18 22:20:13,661: Image reçue de la caméra
[rosout][INFO] 2025-11-18 22:20:13,746: Image reçue de la caméra
[rosout][INFO] 2025-11-18 22:20:13,831: Image reçue de la caméra
[rosout][INFO] 2025-11-18 22:20:13,940: Image reçue de la caméra
[rosout][INFO] 2025-11-18 22:20:14,038: Image reçue de la caméra
[rosout][INFO] 2025-11-18 22:20:14,126: Image reçue de la caméra
[rosout][INFO] 2025-11-18 22:20:14,232: Image reçue de la caméra
[rosout][INFO] 2025-11-18 22:20:14,306: Image reçue de la caméra
[rosout][INFO] 2025-11-18 22:20:14,413: Image reçue de la caméra
[rosout][INFO] 2025-11-18 22:20:14,516: Image reçue de la caméra
[rosout][INFO] 2025-11-18 22:20:14,604: Image reçue de la caméra
[rosout][INFO] 2025-11-18 22:20:14,726: Image reçue de la caméra
[rosout][INFO] 2025-11-18 22:20:14,822: Image reçue de la caméra
[rosout][INFO] 2025-11-18 22:20:14,921: Image reçue de la caméra
[rosout][INFO] 2025-11-18 22:20:15,054: Image reçue de la caméra
[rosout][INFO] 2025-11-18 22:20:15,154: Image reçue de la caméra
[rosout][INFO] 2025-11-18 22:20:15,271: Image reçue de la caméra
[rosout][INFO] 2025-11-18 22:20:15,416: Image reçue de la caméra
[rosout][INFO] 2025-11-18 22:20:15,541: Image reçue de la caméra
[rosout][INFO] 2025-11-18 22:20:15,646: Image reçue de la caméra
[rosout][INFO] 2025-11-18 22:20:15,772: Image reçue de la caméra
[rosout][INFO] 2025-11-18 22:20:15,893: Image reçue de la caméra
[rosout][INFO] 2025-11-18 22:20:15,988: Image reçue de la caméra
[rosout][INFO] 2025-11-18 22:20:16,156: Image reçue de la caméra
[rosout][INFO] 2025-11-18 22:20:16,332: Image reçue de la caméra
[rosout][INFO] 2025-11-18 22:20:16,488: Image reçue de la caméra
[rosout][INFO] 2025-11-18 22:20:16,677: Image reçue de la caméra
[rosout][INFO] 2025-11-18 22:20:16,851: Image reçue de la caméra
[rosout][INFO] 2025-11-18 22:20:16,985: Image reçue de la caméra
[rosout][INFO] 2025-11-18 22:20:17,173: Image reçue de la caméra
[rosout][INFO] 2025-11-18 22:20:17,326: Image reçue de la caméra
[rosout][INFO] 2025-11-18 22:20:17,526: Image reçue de la caméra
[rosout][INFO] 2025-11-18 22:20:17,696: Image reçue de la caméra
[rosout][INFO] 2025-11-18 22:20:17,847: Image reçue de la caméra
[rosout][INFO] 2025-11-18 22:20:17,963: Image reçue de la caméra
[rosout][INFO] 2025-11-18 22:20:18,108: Image reçue de la caméra
[rosout][INFO] 2025-11-18 22:20:18,235: Image reçue de la caméra
[rosout][INFO] 2025-11-18 22:20:18,364: Image reçue de la caméra
[rosout][INFO] 2025-11-18 22:20:18,494: Image reçue de la caméra
[rosout][INFO] 2025-11-18 22:20:18,586: Image reçue de la caméra
[rosout][INFO] 2025-11-18 22:20:18,687: Image reçue de la caméra
[rosout][INFO] 2025-11-18 22:20:18,826: Image reçue de la caméra
[rosout][INFO] 2025-11-18 22:20:18,922: Image reçue de la caméra
[rosout][INFO] 2025-11-18 22:20:19,048: Image reçue de la caméra
[rosout][INFO] 2025-11-18 22:20:19,134: Image reçue de la caméra
[rosout][INFO] 2025-11-18 22:20:19,244: Image reçue de la caméra
[rosout][INFO] 2025-11-18 22:20:19,331: Image reçue de la caméra
[rosout][INFO] 2025-11-18 22:20:19,463: Image reçue de la caméra
[rosout][INFO] 2025-11-18 22:20:19,584: Image reçue de la caméra
[rosout][INFO] 2025-11-18 22:20:19,672: Image reçue de la caméra
[rosout][INFO] 2025-11-18 22:20:19,761: Image reçue de la caméra
[rosout][INFO] 2025-11-18 22:20:19,856: Image reçue de la caméra
[rosout][INFO] 2025-11-18 22:20:19,931: Image reçue de la caméra
[rosout][INFO] 2025-11-18 22:20:20,040: Image reçue de la caméra
[rosout][INFO] 2025-11-18 22:20:20,144: Image reçue de la caméra
[rosout][INFO] 2025-11-18 22:20:20,218: Image reçue de la caméra
[rosout][INFO] 2025-11-18 22:20:20,323: Image reçue de la caméra
[rosout][INFO] 2025-11-18 22:20:20,409: Image reçue de la caméra
[rosout][INFO] 2025-11-18 22:20:20,418: Image sauvegardée : /home/pal/ros_ws/data/images/calib_droite_02.png
[rosout][INFO] 2025-11-18 22:20:20,521: Image reçue de la caméra
[rosout][INFO] 2025-11-18 22:20:20,656: Image reçue de la caméra
[rosout][INFO] 2025-11-18 22:20:20,763: Image reçue de la caméra
[rosout][INFO] 2025-11-18 22:20:20,838: Image reçue de la caméra
[rosout][INFO] 2025-11-18 22:20:20,941: Image reçue de la caméra
[rosout][INFO] 2025-11-18 22:20:21,081: Image reçue de la caméra
[rosout][INFO] 2025-11-18 22:20:21,162: Image reçue de la caméra
[rosout][INFO] 2025-11-18 22:20:21,318: Image reçue de la caméra
[rosout][INFO] 2025-11-18 22:20:21,422: Image reçue de la caméra
[rosout][INFO] 2025-11-18 22:20:21,496: Image reçue de la caméra
[rosout][INFO] 2025-11-18 22:20:21,587: Image reçue de la caméra
[rosout][INFO] 2025-11-18 22:20:21,691: Image reçue de la caméra
[rosout][INFO] 2025-11-18 22:20:21,805: Image reçue de la caméra
[rosout][INFO] 2025-11-18 22:20:21,902: Image reçue de la caméra
[rosout][INFO] 2025-11-18 22:20:22,029: Image reçue de la caméra
[rosout][INFO] 2025-11-18 22:20:22,139: Image reçue de la caméra
[rosout][INFO] 2025-11-18 22:20:22,236: Image reçue de la caméra
[rosout][INFO] 2025-11-18 22:20:22,309: Image reçue de la caméra
[rosout][INFO] 2025-11-18 22:20:22,407: Image reçue de la caméra
[rosout][INFO] 2025-11-18 22:20:22,493: Image reçue de la caméra
[rosout][INFO] 2025-11-18 22:20:22,614: Image reçue de la caméra
[rosout][INFO] 2025-11-18 22:20:22,687: Image reçue de la caméra
[rosout][INFO] 2025-11-18 22:20:22,810: Image reçue de la caméra
[rosout][INFO] 2025-11-18 22:20:22,894: Image reçue de la caméra
[rosout][INFO] 2025-11-18 22:20:22,989: Image reçue de la caméra
[rosout][INFO] 2025-11-18 22:20:23,121: Image reçue de la caméra
[rosout][INFO] 2025-11-18 22:20:23,225: Image reçue de la caméra
[rosout][INFO] 2025-11-18 22:20:23,314: Image reçue de la caméra
[rosout][INFO] 2025-11-18 22:20:23,407: Image reçue de la caméra
[rosout][INFO] 2025-11-18 22:20:23,486: Image reçue de la caméra
[rosout][INFO] 2025-11-18 22:20:23,505: Position 4: bas
[rosout][INFO] 2025-11-18 22:20:23,514: Planification du mouvement du bras...
[rosout][INFO] 2025-11-18 22:20:23,585: Image reçue de la caméra
[rosout][INFO] 2025-11-18 22:20:23,689: Image reçue de la caméra
[rosout][INFO] 2025-11-18 22:20:23,810: Image reçue de la caméra
[rosout][INFO] 2025-11-18 22:20:23,896: Image reçue de la caméra
[rosout][INFO] 2025-11-18 22:20:23,997: Image reçue de la caméra
[rosout][INFO] 2025-11-18 22:20:24,114: Image reçue de la caméra
[rosout][INFO] 2025-11-18 22:20:24,218: Image reçue de la caméra
[rosout][INFO] 2025-11-18 22:20:24,323: Image reçue de la caméra
[rosout][INFO] 2025-11-18 22:20:24,430: Image reçue de la caméra
[rosout][INFO] 2025-11-18 22:20:24,537: Image reçue de la caméra
[rosout][INFO] 2025-11-18 22:20:24,655: Image reçue de la caméra
[rosout][INFO] 2025-11-18 22:20:24,764: Image reçue de la caméra
[rosout][INFO] 2025-11-18 22:20:24,887: Image reçue de la caméra
[rosout][INFO] 2025-11-18 22:20:24,969: Image reçue de la caméra
[rosout][INFO] 2025-11-18 22:20:25,077: Image reçue de la caméra
[rosout][INFO] 2025-11-18 22:20:25,162: Image reçue de la caméra
[rosout][INFO] 2025-11-18 22:20:25,285: Image reçue de la caméra
[rosout][INFO] 2025-11-18 22:20:25,392: Image reçue de la caméra
[rosout][INFO] 2025-11-18 22:20:25,479: Image reçue de la caméra
[rosout][INFO] 2025-11-18 22:20:25,589: Image reçue de la caméra
[rosout][INFO] 2025-11-18 22:20:25,692: Image reçue de la caméra
[rosout][INFO] 2025-11-18 22:20:25,784: Image reçue de la caméra
[rosout][INFO] 2025-11-18 22:20:25,947: Image reçue de la caméra
[rosout][INFO] 2025-11-18 22:20:26,051: Image reçue de la caméra
[rosout][INFO] 2025-11-18 22:20:26,131: Image reçue de la caméra
[rosout][INFO] 2025-11-18 22:20:26,259: Image reçue de la caméra
[rosout][INFO] 2025-11-18 22:20:26,350: Image reçue de la caméra
[rosout][INFO] 2025-11-18 22:20:26,453: Image reçue de la caméra
[rosout][INFO] 2025-11-18 22:20:26,571: Image reçue de la caméra
[rosout][INFO] 2025-11-18 22:20:26,646: Image reçue de la caméra
[rosout][INFO] 2025-11-18 22:20:26,738: Image reçue de la caméra
[rosout][INFO] 2025-11-18 22:20:26,844: Image reçue de la caméra
[rosout][INFO] 2025-11-18 22:20:26,963: Image reçue de la caméra
[rosout][INFO] 2025-11-18 22:20:27,048: Image reçue de la caméra
[rosout][INFO] 2025-11-18 22:20:27,170: Image reçue de la caméra
[rosout][INFO] 2025-11-18 22:20:27,257: Image reçue de la caméra
[rosout][INFO] 2025-11-18 22:20:27,351: Image reçue de la caméra
[rosout][INFO] 2025-11-18 22:20:27,453: Image reçue de la caméra
[rosout][INFO] 2025-11-18 22:20:27,542: Image reçue de la caméra
[rosout][INFO] 2025-11-18 22:20:27,644: Image reçue de la caméra
[rosout][INFO] 2025-11-18 22:20:27,747: Image reçue de la caméra
[rosout][INFO] 2025-11-18 22:20:27,869: Image reçue de la caméra
[rosout][INFO] 2025-11-18 22:20:27,959: Image reçue de la caméra
[rosout][INFO] 2025-11-18 22:20:28,064: Image reçue de la caméra
[rosout][INFO] 2025-11-18 22:20:28,179: Image reçue de la caméra
[rosout][INFO] 2025-11-18 22:20:28,246: Mouvement du bras exécuté avec succès.
[rosout][INFO] 2025-11-18 22:20:28,274: Image reçue de la caméra
[rosout][INFO] 2025-11-18 22:20:28,370: Image reçue de la caméra
[rosout][INFO] 2025-11-18 22:20:28,483: Image reçue de la caméra
[rosout][INFO] 2025-11-18 22:20:28,600: Image reçue de la caméra
[rosout][INFO] 2025-11-18 22:20:28,697: Image reçue de la caméra
[rosout][INFO] 2025-11-18 22:20:28,803: Image reçue de la caméra
[rosout][INFO] 2025-11-18 22:20:28,895: Image reçue de la caméra
[rosout][INFO] 2025-11-18 22:20:29,028: Image reçue de la caméra
[rosout][INFO] 2025-11-18 22:20:29,126: Image reçue de la caméra
[rosout][INFO] 2025-11-18 22:20:29,211: Image reçue de la caméra
[rosout][INFO] 2025-11-18 22:20:29,336: Image reçue de la caméra
[rosout][INFO] 2025-11-18 22:20:29,432: Image reçue de la caméra
[rosout][INFO] 2025-11-18 22:20:29,543: Image reçue de la caméra
[rosout][INFO] 2025-11-18 22:20:29,652: Image reçue de la caméra
[rosout][INFO] 2025-11-18 22:20:29,748: Image reçue de la caméra
[rosout][INFO] 2025-11-18 22:20:29,841: Image reçue de la caméra
[rosout][INFO] 2025-11-18 22:20:29,947: Image reçue de la caméra
[rosout][INFO] 2025-11-18 22:20:30,064: Image reçue de la caméra
[rosout][INFO] 2025-11-18 22:20:30,144: Image reçue de la caméra
[rosout][INFO] 2025-11-18 22:20:30,251: Image reçue de la caméra
[rosout][INFO] 2025-11-18 22:20:30,373: Image reçue de la caméra
[rosout][INFO] 2025-11-18 22:20:30,454: Image reçue de la caméra
[rosout][INFO] 2025-11-18 22:20:30,532: Image reçue de la caméra
[rosout][INFO] 2025-11-18 22:20:30,638: Image reçue de la caméra
[rosout][INFO] 2025-11-18 22:20:30,738: Image reçue de la caméra
[rosout][INFO] 2025-11-18 22:20:30,842: Image reçue de la caméra
[rosout][INFO] 2025-11-18 22:20:30,947: Image reçue de la caméra
[rosout][INFO] 2025-11-18 22:20:31,039: Image reçue de la caméra
[rosout][INFO] 2025-11-18 22:20:31,178: Image reçue de la caméra
[rosout][INFO] 2025-11-18 22:20:31,312: Image reçue de la caméra
[rosout][INFO] 2025-11-18 22:20:31,422: Image reçue de la caméra
[rosout][INFO] 2025-11-18 22:20:31,544: Image reçue de la caméra
[rosout][INFO] 2025-11-18 22:20:31,673: Image reçue de la caméra
[rosout][INFO] 2025-11-18 22:20:31,776: Image reçue de la caméra
[rosout][INFO] 2025-11-18 22:20:31,920: Image reçue de la caméra
[rosout][INFO] 2025-11-18 22:20:32,031: Image reçue de la caméra
[rosout][INFO] 2025-11-18 22:20:32,173: Image reçue de la caméra
[rosout][INFO] 2025-11-18 22:20:32,285: Image reçue de la caméra
[rosout][INFO] 2025-11-18 22:20:32,393: Image reçue de la caméra
[rosout][INFO] 2025-11-18 22:20:32,511: Image reçue de la caméra
[rosout][INFO] 2025-11-18 22:20:32,639: Image reçue de la caméra
[rosout][INFO] 2025-11-18 22:20:32,731: Image reçue de la caméra
[rosout][INFO] 2025-11-18 22:20:32,832: Image reçue de la caméra
[rosout][INFO] 2025-11-18 22:20:32,950: Image reçue de la caméra
[rosout][INFO] 2025-11-18 22:20:33,020: Image reçue de la caméra
[rosout][INFO] 2025-11-18 22:20:33,111: Image reçue de la caméra
[rosout][INFO] 2025-11-18 22:20:33,212: Image reçue de la caméra
[rosout][INFO] 2025-11-18 22:20:33,294: Image reçue de la caméra
[rosout][INFO] 2025-11-18 22:20:33,398: Image reçue de la caméra
[rosout][INFO] 2025-11-18 22:20:33,513: Image reçue de la caméra
[rosout][INFO] 2025-11-18 22:20:33,631: Image reçue de la caméra
[rosout][INFO] 2025-11-18 22:20:33,735: Image reçue de la caméra
[rosout][INFO] 2025-11-18 22:20:33,842: Image reçue de la caméra
[rosout][INFO] 2025-11-18 22:20:33,946: Image reçue de la caméra
[rosout][INFO] 2025-11-18 22:20:34,090: Image reçue de la caméra
[rosout][INFO] 2025-11-18 22:20:34,193: Image reçue de la caméra
[rosout][INFO] 2025-11-18 22:20:34,330: Image reçue de la caméra
[rosout][INFO] 2025-11-18 22:20:34,428: Image reçue de la caméra
[rosout][INFO] 2025-11-18 22:20:34,562: Image reçue de la caméra
[rosout][INFO] 2025-11-18 22:20:34,638: Image reçue de la caméra
[rosout][INFO] 2025-11-18 22:20:34,744: Image reçue de la caméra
[rosout][INFO] 2025-11-18 22:20:34,772: Image sauvegardée : /home/pal/ros_ws/data/images/calib_bas_03.png
[rosout][INFO] 2025-11-18 22:20:34,881: Image reçue de la caméra
[rosout][INFO] 2025-11-18 22:20:34,987: Image reçue de la caméra
[rosout][INFO] 2025-11-18 22:20:35,106: Image reçue de la caméra
[rosout][INFO] 2025-11-18 22:20:35,239: Image reçue de la caméra
[rosout][INFO] 2025-11-18 22:20:35,358: Image reçue de la caméra
[rosout][INFO] 2025-11-18 22:20:35,457: Image reçue de la caméra
[rosout][INFO] 2025-11-18 22:20:35,553: Image reçue de la caméra
[rosout][INFO] 2025-11-18 22:20:35,645: Image reçue de la caméra
[rosout][INFO] 2025-11-18 22:20:35,769: Image reçue de la caméra
[rosout][INFO] 2025-11-18 22:20:35,836: Image reçue de la caméra
[rosout][INFO] 2025-11-18 22:20:35,933: Image reçue de la caméra
[rosout][INFO] 2025-11-18 22:20:36,020: Image reçue de la caméra
[rosout][INFO] 2025-11-18 22:20:36,123: Image reçue de la caméra
[rosout][INFO] 2025-11-18 22:20:36,215: Image reçue de la caméra
[rosout][INFO] 2025-11-18 22:20:36,310: Image reçue de la caméra
[rosout][INFO] 2025-11-18 22:20:36,390: Image reçue de la caméra
[rosout][INFO] 2025-11-18 22:20:36,474: Image reçue de la caméra
[rosout][INFO] 2025-11-18 22:20:36,549: Image reçue de la caméra
[rosout][INFO] 2025-11-18 22:20:36,659: Image reçue de la caméra
[rosout][INFO] 2025-11-18 22:20:36,752: Image reçue de la caméra
[rosout][INFO] 2025-11-18 22:20:36,855: Image reçue de la caméra
[rosout][INFO] 2025-11-18 22:20:36,935: Image reçue de la caméra
[rosout][INFO] 2025-11-18 22:20:37,024: Image reçue de la caméra
[rosout][INFO] 2025-11-18 22:20:37,117: Image reçue de la caméra
[rosout][INFO] 2025-11-18 22:20:37,213: Image reçue de la caméra
[rosout][INFO] 2025-11-18 22:20:37,354: Image reçue de la caméra
[rosout][INFO] 2025-11-18 22:20:37,446: Image reçue de la caméra
[rosout][INFO] 2025-11-18 22:20:37,559: Image reçue de la caméra
[rosout][INFO] 2025-11-18 22:20:37,646: Image reçue de la caméra
[rosout][INFO] 2025-11-18 22:20:37,753: Image reçue de la caméra
[rosout][INFO] 2025-11-18 22:20:37,767: Position 5: haut
[rosout][INFO] 2025-11-18 22:20:37,786: Planification du mouvement du bras...
[rosout][INFO] 2025-11-18 22:20:37,860: Image reçue de la caméra
[rosout][INFO] 2025-11-18 22:20:37,975: Image reçue de la caméra
[rosout][INFO] 2025-11-18 22:20:38,098: Image reçue de la caméra
[rosout][INFO] 2025-11-18 22:20:38,248: Image reçue de la caméra
[rosout][INFO] 2025-11-18 22:20:38,344: Image reçue de la caméra
[rosout][INFO] 2025-11-18 22:20:38,453: Image reçue de la caméra
[rosout][INFO] 2025-11-18 22:20:38,563: Image reçue de la caméra
[rosout][INFO] 2025-11-18 22:20:38,692: Image reçue de la caméra
[rosout][INFO] 2025-11-18 22:20:38,826: Image reçue de la caméra
[rosout][INFO] 2025-11-18 22:20:38,924: Image reçue de la caméra
[rosout][INFO] 2025-11-18 22:20:39,062: Image reçue de la caméra
[rosout][INFO] 2025-11-18 22:20:39,183: Image reçue de la caméra
[rosout][INFO] 2025-11-18 22:20:39,292: Image reçue de la caméra
[rosout][INFO] 2025-11-18 22:20:39,372: Image reçue de la caméra
[rosout][INFO] 2025-11-18 22:20:39,484: Image reçue de la caméra
[rosout][INFO] 2025-11-18 22:20:39,592: Image reçue de la caméra
[rosout][INFO] 2025-11-18 22:20:39,701: Image reçue de la caméra
[rosout][INFO] 2025-11-18 22:20:39,819: Image reçue de la caméra
[rosout][INFO] 2025-11-18 22:20:39,923: Image reçue de la caméra
[rosout][INFO] 2025-11-18 22:20:40,035: Image reçue de la caméra
[rosout][INFO] 2025-11-18 22:20:40,136: Image reçue de la caméra
[rosout][INFO] 2025-11-18 22:20:40,236: Image reçue de la caméra
[rosout][INFO] 2025-11-18 22:20:40,322: Image reçue de la caméra
[rosout][INFO] 2025-11-18 22:20:40,422: Image reçue de la caméra
[rosout][INFO] 2025-11-18 22:20:40,546: Image reçue de la caméra
[rosout][INFO] 2025-11-18 22:20:40,635: Image reçue de la caméra
[rosout][INFO] 2025-11-18 22:20:40,742: Image reçue de la caméra
[rosout][INFO] 2025-11-18 22:20:40,826: Image reçue de la caméra
[rosout][INFO] 2025-11-18 22:20:40,913: Image reçue de la caméra
[rosout][INFO] 2025-11-18 22:20:41,002: Image reçue de la caméra
[rosout][INFO] 2025-11-18 22:20:41,085: Image reçue de la caméra
[rosout][INFO] 2025-11-18 22:20:41,173: Image reçue de la caméra
[rosout][INFO] 2025-11-18 22:20:41,264: Image reçue de la caméra
[rosout][INFO] 2025-11-18 22:20:41,370: Image reçue de la caméra
[rosout][INFO] 2025-11-18 22:20:41,464: Image reçue de la caméra
[rosout][INFO] 2025-11-18 22:20:41,569: Image reçue de la caméra
[rosout][INFO] 2025-11-18 22:20:41,668: Image reçue de la caméra
[rosout][INFO] 2025-11-18 22:20:41,783: Image reçue de la caméra
[rosout][INFO] 2025-11-18 22:20:41,878: Image reçue de la caméra
[rosout][INFO] 2025-11-18 22:20:41,996: Image reçue de la caméra
[rosout][INFO] 2025-11-18 22:20:42,101: Image reçue de la caméra
[rosout][INFO] 2025-11-18 22:20:42,217: Image reçue de la caméra
[rosout][INFO] 2025-11-18 22:20:42,313: Image reçue de la caméra
[rosout][INFO] 2025-11-18 22:20:42,423: Image reçue de la caméra
[rosout][INFO] 2025-11-18 22:20:42,512: Image reçue de la caméra
[rosout][INFO] 2025-11-18 22:20:42,604: Image reçue de la caméra
[rosout][INFO] 2025-11-18 22:20:42,722: Image reçue de la caméra
[rosout][INFO] 2025-11-18 22:20:42,809: Image reçue de la caméra
[rosout][INFO] 2025-11-18 22:20:42,913: Image reçue de la caméra
[rosout][INFO] 2025-11-18 22:20:43,008: Image reçue de la caméra
[rosout][INFO] 2025-11-18 22:20:43,102: Image reçue de la caméra
[rosout][INFO] 2025-11-18 22:20:43,228: Image reçue de la caméra
[rosout][INFO] 2025-11-18 22:20:43,325: Image reçue de la caméra
[rosout][INFO] 2025-11-18 22:20:43,446: Image reçue de la caméra
[rosout][INFO] 2025-11-18 22:20:43,583: Image reçue de la caméra
[rosout][INFO] 2025-11-18 22:20:43,656: Image reçue de la caméra
[rosout][INFO] 2025-11-18 22:20:43,743: Image reçue de la caméra
[rosout][INFO] 2025-11-18 22:20:43,843: Image reçue de la caméra
[rosout][INFO] 2025-11-18 22:20:43,933: Image reçue de la caméra
[rosout][INFO] 2025-11-18 22:20:44,010: Image reçue de la caméra
[rosout][INFO] 2025-11-18 22:20:44,120: Image reçue de la caméra
[rosout][INFO] 2025-11-18 22:20:44,248: Image reçue de la caméra
[rosout][INFO] 2025-11-18 22:20:44,341: Image reçue de la caméra
[rosout][INFO] 2025-11-18 22:20:44,427: Image reçue de la caméra
[rosout][INFO] 2025-11-18 22:20:44,513: Image reçue de la caméra
[rosout][INFO] 2025-11-18 22:20:44,601: Image reçue de la caméra
[rosout][INFO] 2025-11-18 22:20:44,702: Image reçue de la caméra
[rosout][INFO] 2025-11-18 22:20:44,831: Image reçue de la caméra
[rosout][INFO] 2025-11-18 22:20:44,919: Image reçue de la caméra
[rosout][INFO] 2025-11-18 22:20:45,002: Image reçue de la caméra
[rosout][INFO] 2025-11-18 22:20:45,085: Image reçue de la caméra
[rosout][INFO] 2025-11-18 22:20:45,194: Image reçue de la caméra
[rosout][INFO] 2025-11-18 22:20:45,302: Image reçue de la caméra
[rosout][INFO] 2025-11-18 22:20:45,402: Image reçue de la caméra
[rosout][INFO] 2025-11-18 22:20:45,497: Image reçue de la caméra
[rosout][INFO] 2025-11-18 22:20:45,595: Image reçue de la caméra
[rosout][INFO] 2025-11-18 22:20:45,716: Image reçue de la caméra
[rosout][INFO] 2025-11-18 22:20:45,807: Image reçue de la caméra
[rosout][INFO] 2025-11-18 22:20:45,920: Image reçue de la caméra
[rosout][INFO] 2025-11-18 22:20:46,013: Image reçue de la caméra
[rosout][INFO] 2025-11-18 22:20:46,094: Image reçue de la caméra
[rosout][INFO] 2025-11-18 22:20:46,222: Image reçue de la caméra
[rosout][INFO] 2025-11-18 22:20:46,318: Image reçue de la caméra
[rosout][INFO] 2025-11-18 22:20:46,392: Image reçue de la caméra
[rosout][INFO] 2025-11-18 22:20:46,491: Image reçue de la caméra
[rosout][INFO] 2025-11-18 22:20:46,576: Image reçue de la caméra
[rosout][INFO] 2025-11-18 22:20:46,647: Image reçue de la caméra
[rosout][INFO] 2025-11-18 22:20:46,751: Image reçue de la caméra
[rosout][INFO] 2025-11-18 22:20:46,836: Image reçue de la caméra
[rosout][INFO] 2025-11-18 22:20:46,922: Image reçue de la caméra
[rosout][INFO] 2025-11-18 22:20:47,023: Image reçue de la caméra
[rosout][INFO] 2025-11-18 22:20:47,126: Image reçue de la caméra
[rosout][INFO] 2025-11-18 22:20:47,195: Image reçue de la caméra
[rosout][INFO] 2025-11-18 22:20:47,294: Image reçue de la caméra
[rosout][INFO] 2025-11-18 22:20:47,394: Image reçue de la caméra
[rosout][INFO] 2025-11-18 22:20:47,478: Image reçue de la caméra
[rosout][INFO] 2025-11-18 22:20:47,564: Image reçue de la caméra
[rosout][INFO] 2025-11-18 22:20:47,663: Image reçue de la caméra
[rosout][INFO] 2025-11-18 22:20:47,758: Image reçue de la caméra
[rosout][INFO] 2025-11-18 22:20:47,891: Image reçue de la caméra
[rosout][INFO] 2025-11-18 22:20:47,989: Image reçue de la caméra
[rosout][INFO] 2025-11-18 22:20:48,058: Image reçue de la caméra
[rosout][INFO] 2025-11-18 22:20:48,168: Image reçue de la caméra
[rosout][INFO] 2025-11-18 22:20:48,297: Image reçue de la caméra
[rosout][INFO] 2025-11-18 22:20:48,382: Image reçue de la caméra
[rosout][INFO] 2025-11-18 22:20:48,468: Image reçue de la caméra
[rosout][INFO] 2025-11-18 22:20:48,568: Image reçue de la caméra
[rosout][INFO] 2025-11-18 22:20:48,599: Mouvement du bras exécuté avec succès.
[rosout][INFO] 2025-11-18 22:20:48,657: Image reçue de la caméra
[rosout][INFO] 2025-11-18 22:20:48,777: Image reçue de la caméra
[rosout][INFO] 2025-11-18 22:20:48,907: Image reçue de la caméra
[rosout][INFO] 2025-11-18 22:20:48,954: Image reçue de la caméra
[rosout][INFO] 2025-11-18 22:20:49,073: Image reçue de la caméra
[rosout][INFO] 2025-11-18 22:20:49,183: Image reçue de la caméra
[rosout][INFO] 2025-11-18 22:20:49,286: Image reçue de la caméra
[rosout][INFO] 2025-11-18 22:20:49,371: Image reçue de la caméra
[rosout][INFO] 2025-11-18 22:20:49,479: Image reçue de la caméra
[rosout][INFO] 2025-11-18 22:20:49,571: Image reçue de la caméra
[rosout][INFO] 2025-11-18 22:20:49,671: Image reçue de la caméra
[rosout][INFO] 2025-11-18 22:20:49,754: Image reçue de la caméra
[rosout][INFO] 2025-11-18 22:20:49,857: Image reçue de la caméra
[rosout][INFO] 2025-11-18 22:20:49,987: Image reçue de la caméra
[rosout][INFO] 2025-11-18 22:20:50,067: Image reçue de la caméra
[rosout][INFO] 2025-11-18 22:20:50,164: Image reçue de la caméra
[rosout][INFO] 2025-11-18 22:20:50,282: Image reçue de la caméra
[rosout][INFO] 2025-11-18 22:20:50,377: Image reçue de la caméra
[rosout][INFO] 2025-11-18 22:20:50,448: Image reçue de la caméra
[rosout][INFO] 2025-11-18 22:20:50,550: Image reçue de la caméra
[rosout][INFO] 2025-11-18 22:20:50,624: Image reçue de la caméra
[rosout][INFO] 2025-11-18 22:20:50,710: Image reçue de la caméra
[rosout][INFO] 2025-11-18 22:20:50,786: Image reçue de la caméra
[rosout][INFO] 2025-11-18 22:20:50,882: Image reçue de la caméra
[rosout][INFO] 2025-11-18 22:20:50,988: Image reçue de la caméra
[rosout][INFO] 2025-11-18 22:20:51,073: Image reçue de la caméra
[rosout][INFO] 2025-11-18 22:20:51,180: Image reçue de la caméra
[rosout][INFO] 2025-11-18 22:20:51,264: Image reçue de la caméra
[rosout][INFO] 2025-11-18 22:20:51,366: Image reçue de la caméra
[rosout][INFO] 2025-11-18 22:20:51,465: Image reçue de la caméra
[rosout][INFO] 2025-11-18 22:20:51,534: Image reçue de la caméra
[rosout][INFO] 2025-11-18 22:20:51,615: Image reçue de la caméra
[rosout][INFO] 2025-11-18 22:20:51,730: Image reçue de la caméra
[rosout][INFO] 2025-11-18 22:20:51,800: Image reçue de la caméra
[rosout][INFO] 2025-11-18 22:20:51,915: Image reçue de la caméra
[rosout][INFO] 2025-11-18 22:20:52,020: Image reçue de la caméra
[rosout][INFO] 2025-11-18 22:20:52,117: Image reçue de la caméra
[rosout][INFO] 2025-11-18 22:20:52,206: Image reçue de la caméra
[rosout][INFO] 2025-11-18 22:20:52,310: Image reçue de la caméra
[rosout][INFO] 2025-11-18 22:20:52,394: Image reçue de la caméra
[rosout][INFO] 2025-11-18 22:20:52,495: Image reçue de la caméra
[rosout][INFO] 2025-11-18 22:20:52,566: Image reçue de la caméra
[rosout][INFO] 2025-11-18 22:20:52,677: Image reçue de la caméra
[rosout][INFO] 2025-11-18 22:20:52,768: Image reçue de la caméra
[rosout][INFO] 2025-11-18 22:20:52,855: Image reçue de la caméra
[rosout][INFO] 2025-11-18 22:20:52,954: Image reçue de la caméra
[rosout][INFO] 2025-11-18 22:20:53,040: Image reçue de la caméra
[rosout][INFO] 2025-11-18 22:20:53,140: Image reçue de la caméra
[rosout][INFO] 2025-11-18 22:20:53,223: Image reçue de la caméra
[rosout][INFO] 2025-11-18 22:20:53,331: Image reçue de la caméra
[rosout][INFO] 2025-11-18 22:20:53,422: Image reçue de la caméra
[rosout][INFO] 2025-11-18 22:20:53,478: Image reçue de la caméra
[rosout][INFO] 2025-11-18 22:20:53,577: Image reçue de la caméra
[rosout][INFO] 2025-11-18 22:20:53,657: Image reçue de la caméra
[rosout][INFO] 2025-11-18 22:20:53,765: Image reçue de la caméra
[rosout][INFO] 2025-11-18 22:20:53,870: Image reçue de la caméra
[rosout][INFO] 2025-11-18 22:20:53,973: Image reçue de la caméra
[rosout][INFO] 2025-11-18 22:20:54,064: Image reçue de la caméra
[rosout][INFO] 2025-11-18 22:20:54,166: Image reçue de la caméra
[rosout][INFO] 2025-11-18 22:20:54,277: Image reçue de la caméra
[rosout][INFO] 2025-11-18 22:20:54,315: Image sauvegardée : /home/pal/ros_ws/data/images/calib_haut_04.png
[rosout][INFO] 2025-11-18 22:20:54,377: Image reçue de la caméra
[rosout][INFO] 2025-11-18 22:20:54,462: Image reçue de la caméra
[rosout][INFO] 2025-11-18 22:20:54,566: Image reçue de la caméra
[rosout][INFO] 2025-11-18 22:20:54,655: Image reçue de la caméra
[rosout][INFO] 2025-11-18 22:20:54,751: Image reçue de la caméra
[rosout][INFO] 2025-11-18 22:20:54,844: Image reçue de la caméra
[rosout][INFO] 2025-11-18 22:20:54,949: Image reçue de la caméra
[rosout][INFO] 2025-11-18 22:20:55,046: Image reçue de la caméra
[rosout][INFO] 2025-11-18 22:20:55,149: Image reçue de la caméra
[rosout][INFO] 2025-11-18 22:20:55,255: Image reçue de la caméra
[rosout][INFO] 2025-11-18 22:20:55,355: Image reçue de la caméra
[rosout][INFO] 2025-11-18 22:20:55,444: Image reçue de la caméra
[rosout][INFO] 2025-11-18 22:20:55,520: Image reçue de la caméra
[rosout][INFO] 2025-11-18 22:20:55,613: Image reçue de la caméra
[rosout][INFO] 2025-11-18 22:20:55,728: Image reçue de la caméra
[rosout][INFO] 2025-11-18 22:20:55,819: Image reçue de la caméra
[rosout][INFO] 2025-11-18 22:20:55,935: Image reçue de la caméra
[rosout][INFO] 2025-11-18 22:20:56,012: Image reçue de la caméra
[rosout][INFO] 2025-11-18 22:20:56,116: Image reçue de la caméra
[rosout][INFO] 2025-11-18 22:20:56,197: Image reçue de la caméra
[rosout][INFO] 2025-11-18 22:20:56,298: Image reçue de la caméra
[rosout][INFO] 2025-11-18 22:20:56,374: Image reçue de la caméra
[rosout][INFO] 2025-11-18 22:20:56,476: Image reçue de la caméra
[rosout][INFO] 2025-11-18 22:20:56,600: Image reçue de la caméra
[rosout][INFO] 2025-11-18 22:20:56,693: Image reçue de la caméra
[rosout][INFO] 2025-11-18 22:20:56,795: Image reçue de la caméra
[rosout][INFO] 2025-11-18 22:20:56,911: Image reçue de la caméra
[rosout][INFO] 2025-11-18 22:20:56,990: Image reçue de la caméra
[rosout][INFO] 2025-11-18 22:20:57,099: Image reçue de la caméra
[rosout][INFO] 2025-11-18 22:20:57,212: Image reçue de la caméra
[rosout][INFO] 2025-11-18 22:20:57,302: Séquence de capture terminée avec succès!
[rospy.core][INFO] 2025-11-18 22:20:57,655: signal_shutdown [atexit]
[rospy.internal][INFO] 2025-11-18 22:20:57,682: topic[/rosout] removing connection to /rosout
[rospy.internal][INFO] 2025-11-18 22:20:57,687: topic[/collision_object] removing connection to /move_group
[rospy.internal][INFO] 2025-11-18 22:20:57,696: topic[/attached_collision_object] removing connection to /move_group
[rospy.internal][INFO] 2025-11-18 22:20:57,699: topic[/clock] removing connection to http://127.0.0.1:35551/
[rospy.internal][INFO] 2025-11-18 22:20:57,707: topic[/xtion/rgb/image_raw] removing connection to http://127.0.0.1:35551/
[rospy.impl.masterslave][INFO] 2025-11-18 22:20:57,714: atexit
[rospy.rosout][ERROR] 2025-11-18 22:20:57,718: Unable to report rosout: publish() to a closed topic
Traceback (most recent call last):
  File "/opt/ros/noetic/lib/python3/dist-packages/rospy/impl/rosout.py", line 100, in _rosout
    _rosout_pub.publish(l)
  File "/opt/ros/noetic/lib/python3/dist-packages/rospy/topics.py", line 882, in publish
    self.impl.publish(data)
  File "/opt/ros/noetic/lib/python3/dist-packages/rospy/topics.py", line 1041, in publish
    raise ROSException("publish() to a closed topic")
rospy.exceptions.ROSException: publish() to a closed topic

[rosout][INFO] 2025-11-18 22:20:57,666: Image reçue de la caméra
