[rospy.client][INFO] 2025-11-09 13:47:26,816: init_node, name[/tiago_simple_image_capture_1265_1762692446545], pid[1265]
[xmlrpc][INFO] 2025-11-09 13:47:26,818: XML-RPC server binding to 127.0.0.1:0
[xmlrpc][INFO] 2025-11-09 13:47:26,822: Started XML-RPC server [http://127.0.0.1:39727/]
[rospy.init][INFO] 2025-11-09 13:47:26,823: ROS Slave URI: [http://127.0.0.1:39727/]
[rospy.impl.masterslave][INFO] 2025-11-09 13:47:26,823: _ready: http://127.0.0.1:39727/
[rospy.registration][INFO] 2025-11-09 13:47:26,824: Registering with master node http://localhost:11311/
[xmlrpc][INFO] 2025-11-09 13:47:26,825: xml rpc node: starting XML-RPC server
[rospy.init][INFO] 2025-11-09 13:47:26,926: registered with master
[rospy.rosout][INFO] 2025-11-09 13:47:26,928: initializing /rosout core topic
[rospy.rosout][INFO] 2025-11-09 13:47:26,938: connected to core topic /rosout
[rospy.simtime][INFO] 2025-11-09 13:47:26,940: initializing /clock core topic
[rospy.simtime][INFO] 2025-11-09 13:47:26,944: connected to core topic /clock
[rospy.internal][INFO] 2025-11-09 13:47:27,043: topic[/clock] adding connection to [http://127.0.0.1:36161/], count 0
[rospy.internal][INFO] 2025-11-09 13:47:27,069: topic[/rosout] adding connection to [/rosout], count 0
[rospy.internal][INFO] 2025-11-09 13:47:27,089: topic[/xtion/rgb/image_raw] adding connection to [http://127.0.0.1:36161/], count 0
[rospy.internal][INFO] 2025-11-09 13:47:27,294: topic[/head_controller/command] adding connection to [/gazebo], count 0
[rospy.internal][INFO] 2025-11-09 13:47:27,299: topic[/torso_controller/command] adding connection to [/gazebo], count 0
[rosout][INFO] 2025-11-09 13:47:36,574: Début de la capture panoramique
[rosout][INFO] 2025-11-09 13:47:36,589: Position 1/4
[rosout][INFO] 2025-11-09 13:47:36,597: Torse déplacé: height=0.15
[rosout][INFO] 2025-11-09 13:47:43,507: Tête déplacée: pan=0.0, tilt=-0.7
[rosout][INFO] 2025-11-09 13:47:56,800: Image sauvegardée: /home/pal/ros_ws/data/images/table_position_1_20251109_134756.png
[rosout][INFO] 2025-11-09 13:48:01,706: Position 2/4
[rosout][INFO] 2025-11-09 13:48:01,722: Torse déplacé: height=0.15
[rosout][INFO] 2025-11-09 13:48:09,939: Tête déplacée: pan=0.4, tilt=-0.6
[rosout][INFO] 2025-11-09 13:48:22,202: Image sauvegardée: /home/pal/ros_ws/data/images/table_position_2_20251109_134821.png
[rosout][INFO] 2025-11-09 13:48:26,424: Position 3/4
[rosout][INFO] 2025-11-09 13:48:26,426: Torse déplacé: height=0.15
[rosout][INFO] 2025-11-09 13:48:36,176: Tête déplacée: pan=-0.4, tilt=-0.6
[rosout][INFO] 2025-11-09 13:48:49,790: Image sauvegardée: /home/pal/ros_ws/data/images/table_position_3_20251109_134849.png
[rosout][INFO] 2025-11-09 13:48:54,027: Position 4/4
[rosout][INFO] 2025-11-09 13:48:54,030: Torse déplacé: height=0.2
[rosout][INFO] 2025-11-09 13:49:02,384: Tête déplacée: pan=0.0, tilt=-0.4
[rosout][INFO] 2025-11-09 13:49:17,157: Image sauvegardée: /home/pal/ros_ws/data/images/table_position_4_20251109_134916.png
[rosout][INFO] 2025-11-09 13:49:21,923: Capture terminée
[rospy.core][INFO] 2025-11-09 13:49:21,944: signal_shutdown [atexit]
[rospy.internal][INFO] 2025-11-09 13:49:21,957: topic[/rosout] removing connection to /rosout
[rospy.internal][INFO] 2025-11-09 13:49:21,960: topic[/head_controller/command] removing connection to /gazebo
[rospy.internal][INFO] 2025-11-09 13:49:21,962: topic[/torso_controller/command] removing connection to /gazebo
[rospy.internal][INFO] 2025-11-09 13:49:21,964: topic[/clock] removing connection to http://127.0.0.1:36161/
[rospy.internal][INFO] 2025-11-09 13:49:21,964: topic[/xtion/rgb/image_raw] removing connection to http://127.0.0.1:36161/
[rospy.impl.masterslave][INFO] 2025-11-09 13:49:21,965: atexit
