[rospy.client][INFO] 2025-12-18 08:07:47,680: init_node, name[/tiago_json_position_1244_1766041666946], pid[1244]
[xmlrpc][INFO] 2025-12-18 08:07:47,683: XML-RPC server binding to 127.0.0.1:0
[xmlrpc][INFO] 2025-12-18 08:07:47,691: Started XML-RPC server [http://127.0.0.1:34821/]
[rospy.init][INFO] 2025-12-18 08:07:47,692: ROS Slave URI: [http://127.0.0.1:34821/]
[rospy.impl.masterslave][INFO] 2025-12-18 08:07:47,693: _ready: http://127.0.0.1:34821/
[xmlrpc][INFO] 2025-12-18 08:07:47,702: xml rpc node: starting XML-RPC server
[rospy.registration][INFO] 2025-12-18 08:07:47,714: Registering with master node http://localhost:11311/
[rospy.init][INFO] 2025-12-18 08:07:47,795: registered with master
[rospy.rosout][INFO] 2025-12-18 08:07:47,796: initializing /rosout core topic
[rospy.rosout][INFO] 2025-12-18 08:07:47,826: connected to core topic /rosout
[rospy.simtime][INFO] 2025-12-18 08:07:47,837: initializing /clock core topic
[rospy.simtime][INFO] 2025-12-18 08:07:47,854: connected to core topic /clock
[rospy.internal][INFO] 2025-12-18 08:07:47,882: topic[/clock] adding connection to [http://127.0.0.1:39601/], count 0
[rospy.internal][INFO] 2025-12-18 08:07:50,026: topic[/rosout] adding connection to [/rosout], count 0
[rosout][INFO] 2025-12-18 08:07:51,712: ✅ JSON chargé avec succès: 3 objets
[rosout][INFO] 2025-12-18 08:07:51,756:    - plate: (450.8, 179.4)
[rosout][INFO] 2025-12-18 08:07:51,765:    - fork: (244.4, 216.3)
[rosout][INFO] 2025-12-18 08:07:51,783:    - knife: (313.7, 154.7)
[rosout][INFO] 2025-12-18 08:07:51,789: ✅ Bras TIAGo initialisé - Cible: knife
[rosout][INFO] 2025-12-18 08:07:51,797: 📁 JSON chargé: 3 objets détectés
[rospy.internal][INFO] 2025-12-18 08:07:51,831: topic[/collision_object] adding connection to [/move_group], count 0
[rospy.internal][INFO] 2025-12-18 08:07:51,838: topic[/attached_collision_object] adding connection to [/move_group], count 0
[rosout][INFO] 2025-12-18 08:07:57,190: 🚀 Démarrage du déplacement vers position unique depuis JSON
[rosout][INFO] 2025-12-18 08:08:10,603: 🏠 Déplacement vers position de départ...
[rosout][INFO] 2025-12-18 08:08:50,318: ✅ Position de départ atteinte
[rosout][INFO] 2025-12-18 08:08:56,075: ✅ Objet trouvé dans JSON: knife
[rosout][INFO] 2025-12-18 08:08:56,088: 🎯 Cible trouvée: knife à (313.7, 154.7)
[rosout][INFO] 2025-12-18 08:08:56,116: 📍 Conversion: pixel (313.7, 154.7) -> robot (0.591, -0.128, 0.820)
[rosout][INFO] 2025-12-18 08:08:56,136: 📍 Position cible (depuis JSON): (0.591, -0.128, 0.820)
[rosout][INFO] 2025-12-18 08:08:56,169: 🤖 Déplacement vers knife...
[rosout][INFO] 2025-12-18 08:10:11,436: ✅ knife atteint!
[rosout][INFO] 2025-12-18 08:10:11,449: 🛑 Robot en position - Maintenir indéfiniment...
[rosout][INFO] 2025-12-18 08:10:11,824: 📊 Position actuelle: X=0.587, Y=-0.123, Z=0.825
[rosout][INFO] 2025-12-18 08:10:11,846: 🔒 Maintien de la position...
[rosout][INFO] 2025-12-18 08:10:11,957: 📊 Position maintenue: X=0.587, Y=-0.123, Z=0.825
[rosout][INFO] 2025-12-18 08:11:08,656: 📊 Position maintenue: X=0.587, Y=-0.123, Z=0.825
[rospy.internal][INFO] 2025-12-18 08:11:42,316: topic[/collision_object] removing connection to /move_group
[rospy.internal][INFO] 2025-12-18 08:11:42,321: topic[/attached_collision_object] removing connection to /move_group
