[rospy.client][INFO] 2025-12-17 19:57:53,997: init_node, name[/tiago_arm_control_1343_1765997873653], pid[1343]
[xmlrpc][INFO] 2025-12-17 19:57:53,998: XML-RPC server binding to 127.0.0.1:0
[xmlrpc][INFO] 2025-12-17 19:57:53,999: Started XML-RPC server [http://127.0.0.1:36377/]
[rospy.impl.masterslave][INFO] 2025-12-17 19:57:54,000: _ready: http://127.0.0.1:36377/
[rospy.init][INFO] 2025-12-17 19:57:54,002: ROS Slave URI: [http://127.0.0.1:36377/]
[xmlrpc][INFO] 2025-12-17 19:57:54,009: xml rpc node: starting XML-RPC server
[rospy.registration][INFO] 2025-12-17 19:57:54,016: Registering with master node http://localhost:11311/
[rospy.init][INFO] 2025-12-17 19:57:54,111: registered with master
[rospy.rosout][INFO] 2025-12-17 19:57:54,113: initializing /rosout core topic
[rospy.rosout][INFO] 2025-12-17 19:57:54,136: connected to core topic /rosout
[rospy.simtime][INFO] 2025-12-17 19:57:54,144: initializing /clock core topic
[rospy.simtime][INFO] 2025-12-17 19:57:54,169: connected to core topic /clock
[rospy.internal][INFO] 2025-12-17 19:57:54,184: topic[/clock] adding connection to [http://127.0.0.1:38921/], count 0
[rospy.internal][INFO] 2025-12-17 19:57:56,573: topic[/rosout] adding connection to [/rosout], count 0
[rosout][INFO] 2025-12-17 19:57:56,557: ✅ Bras TIAGo initialisé
[rospy.internal][INFO] 2025-12-17 19:57:56,674: topic[/collision_object] adding connection to [/move_group], count 0
[rospy.internal][INFO] 2025-12-17 19:57:56,676: topic[/attached_collision_object] adding connection to [/move_group], count 0
[rosout][INFO] 2025-12-17 19:57:59,065: 🚀 Démarrage de la séquence TIAGo
[rosout][INFO] 2025-12-17 19:58:03,971: 📁 3 objets détectés
[rosout][INFO] 2025-12-17 19:58:03,979: 🏠 Déplacement vers home
[rosout][ERROR] 2025-12-17 19:58:03,994: ❌ Erreur position home: Error setting joint target. Is the target within bounds?
[rosout][INFO] 2025-12-17 19:58:06,497: 🎯 Traitement: plate
[rosout][INFO] 2025-12-17 19:58:06,503: 🤖 Déplacement vers plate...
[rosout][INFO] 2025-12-17 19:58:52,031: ✅ plate atteint
[rosout][INFO] 2025-12-17 19:58:53,350: ↔️  Action poussée pour plate
[rosout][INFO] 2025-12-17 19:59:18,424: 🏠 Déplacement vers home
[rosout][ERROR] 2025-12-17 19:59:18,427: ❌ Erreur position home: Error setting joint target. Is the target within bounds?
[rosout][INFO] 2025-12-17 19:59:19,790: 🎯 Traitement: fork
[rosout][INFO] 2025-12-17 19:59:19,798: 🤖 Déplacement vers fork...
[rosout][INFO] 2025-12-17 19:59:41,478: ✅ fork atteint
[rosout][INFO] 2025-12-17 19:59:43,019: ↔️  Action poussée pour fork
[rosout][INFO] 2025-12-17 20:01:33,801: 🏠 Déplacement vers home
[rosout][ERROR] 2025-12-17 20:01:33,810: ❌ Erreur position home: Error setting joint target. Is the target within bounds?
[rosout][INFO] 2025-12-17 20:01:35,139: 🎯 Traitement: knife
[rosout][INFO] 2025-12-17 20:01:35,169: 🤖 Déplacement vers knife...
[rosout][INFO] 2025-12-17 20:01:47,095: ✅ knife atteint
[rosout][INFO] 2025-12-17 20:01:49,119: ↔️  Action poussée pour knife
[rosout][INFO] 2025-12-17 20:02:46,296: 🏠 Déplacement vers home
[rosout][ERROR] 2025-12-17 20:02:46,306: ❌ Erreur position home: Error setting joint target. Is the target within bounds?
[rosout][INFO] 2025-12-17 20:02:47,567: 🏠 Déplacement vers home
[rosout][ERROR] 2025-12-17 20:02:47,577: ❌ Erreur position home: Error setting joint target. Is the target within bounds?
[rosout][INFO] 2025-12-17 20:02:47,583: 🎉 Séquence terminée avec succès!
[rosout][INFO] 2025-12-17 20:02:47,597: 👋 Fin du programme
[rospy.core][INFO] 2025-12-17 20:02:47,840: signal_shutdown [atexit]
[rospy.internal][INFO] 2025-12-17 20:02:47,858: topic[/rosout] removing connection to /rosout
[rospy.internal][INFO] 2025-12-17 20:02:47,862: topic[/collision_object] removing connection to /move_group
[rospy.internal][INFO] 2025-12-17 20:02:47,866: topic[/attached_collision_object] removing connection to /move_group
[rospy.internal][INFO] 2025-12-17 20:02:47,869: topic[/clock] removing connection to http://127.0.0.1:38921/
[rospy.impl.masterslave][INFO] 2025-12-17 20:02:47,869: atexit
