[rospy.client][INFO] 2025-11-09 13:53:06,544: init_node, name[/bringup_controllers_spawner_imu], pid[1334]
[xmlrpc][INFO] 2025-11-09 13:53:06,545: XML-RPC server binding to 127.0.0.1:0
[xmlrpc][INFO] 2025-11-09 13:53:06,545: Started XML-RPC server [http://127.0.0.1:35699/]
[rospy.impl.masterslave][INFO] 2025-11-09 13:53:06,545: _ready: http://127.0.0.1:35699/
[rospy.init][INFO] 2025-11-09 13:53:06,548: ROS Slave URI: [http://127.0.0.1:35699/]
[rospy.registration][INFO] 2025-11-09 13:53:06,551: Registering with master node http://localhost:11311/
[xmlrpc][INFO] 2025-11-09 13:53:06,551: xml rpc node: starting XML-RPC server
[rospy.init][INFO] 2025-11-09 13:53:06,663: registered with master
[rospy.rosout][INFO] 2025-11-09 13:53:06,663: initializing /rosout core topic
[rospy.rosout][INFO] 2025-11-09 13:53:06,672: connected to core topic /rosout
[rospy.simtime][INFO] 2025-11-09 13:53:06,684: initializing /clock core topic
[rospy.simtime][INFO] 2025-11-09 13:53:06,687: connected to core topic /clock
[rospy.internal][INFO] 2025-11-09 13:53:06,728: topic[/clock] adding connection to [http://127.0.0.1:36161/], count 0
[rosout][INFO] 2025-11-09 13:53:06,735: Controller Spawner: Waiting for service controller_manager/load_controller
[rosout][INFO] 2025-11-09 13:53:06,750: Controller Spawner: Waiting for service controller_manager/switch_controller
[rosout][INFO] 2025-11-09 13:53:06,757: Controller Spawner: Waiting for service controller_manager/unload_controller
[rosout][INFO] 2025-11-09 13:53:06,767: Loading controller: imu_sensor_controller
[rospy.impl.masterslave][INFO] 2025-11-09 13:53:06,888: external shutdown request from [/master]: [/bringup_controllers_spawner_imu] Reason: new node registered with same name
[rospy.core][INFO] 2025-11-09 13:53:06,889: signal_shutdown [external shutdown request from [/master]: [[/bringup_controllers_spawner_imu] Reason: new node registered with same name]]
[rosout][INFO] 2025-11-09 13:53:06,889: Shutting down spawner. Stopping and unloading controllers...
[rospy.impl.masterslave][ERROR] 2025-11-09 13:53:06,985: Traceback (most recent call last):
  File "/opt/ros/noetic/lib/python3/dist-packages/rospy/impl/masterslave.py", line 146, in validated_f
    retval = f(*newArgs, **kwds)
  File "/opt/ros/noetic/lib/python3/dist-packages/rospy/impl/masterslave.py", line 543, in requestTopic
    for h in self.protocol_handlers:
TypeError: 'NoneType' object is not iterable

[rospy.core][INFO] 2025-11-09 13:53:07,586: signal_shutdown [signal-2]
[rosout][ERROR] 2025-11-09 13:53:07,794: Failed to load imu_sensor_controller
[rosout][INFO] 2025-11-09 13:53:07,807: Controller Spawner: Loaded controllers: 
[rosout][INFO] 2025-11-09 13:53:07,917: Stopping all controllers...
[rosout][INFO] 2025-11-09 13:53:07,919: Started controllers: 
[rosout][INFO] 2025-11-09 13:53:07,970: Unloading all loaded controllers...
[rospy.internal][INFO] 2025-11-09 13:53:08,014: topic[/clock] removing connection to http://127.0.0.1:36161/
[rospy.core][INFO] 2025-11-09 13:53:08,451: signal_shutdown [atexit]
