[rospy.client][INFO] 2025-11-09 13:58:22,256: init_node, name[/default_controllers_spawner], pid[2006]
[xmlrpc][INFO] 2025-11-09 13:58:22,257: XML-RPC server binding to 127.0.0.1:0
[xmlrpc][INFO] 2025-11-09 13:58:22,257: Started XML-RPC server [http://127.0.0.1:35217/]
[rospy.impl.masterslave][INFO] 2025-11-09 13:58:22,257: _ready: http://127.0.0.1:35217/
[rospy.init][INFO] 2025-11-09 13:58:22,258: ROS Slave URI: [http://127.0.0.1:35217/]
[rospy.registration][INFO] 2025-11-09 13:58:22,258: Registering with master node http://localhost:11311/
[xmlrpc][INFO] 2025-11-09 13:58:22,258: xml rpc node: starting XML-RPC server
[rospy.init][INFO] 2025-11-09 13:58:22,358: registered with master
[rospy.rosout][INFO] 2025-11-09 13:58:22,358: initializing /rosout core topic
[rospy.rosout][INFO] 2025-11-09 13:58:22,363: connected to core topic /rosout
[rospy.simtime][INFO] 2025-11-09 13:58:22,364: initializing /clock core topic
[rospy.simtime][INFO] 2025-11-09 13:58:22,368: connected to core topic /clock
[rosout][INFO] 2025-11-09 13:58:22,372: Controller Spawner: Waiting for service controller_manager/load_controller
[rospy.internal][INFO] 2025-11-09 13:58:22,504: topic[/rosout] adding connection to [/rosout], count 0
[rospy.internal][INFO] 2025-11-09 13:58:24,634: topic[/clock] adding connection to [http://127.0.0.1:38381/], count 0
[rosout][INFO] 2025-11-09 13:58:24,805: Controller Spawner: Waiting for service controller_manager/switch_controller
[rosout][INFO] 2025-11-09 13:58:24,840: Controller Spawner: Waiting for service controller_manager/unload_controller
[rosout][INFO] 2025-11-09 13:58:24,898: Loading controller: joint_state_controller
[rosout][INFO] 2025-11-09 13:58:24,981: Loading controller: torso_controller
[rosout][INFO] 2025-11-09 13:58:25,061: Loading controller: head_controller
[rosout][INFO] 2025-11-09 13:58:25,137: Loading controller: arm_controller
[rosout][INFO] 2025-11-09 13:58:25,191: Loading controller: mobile_base_controller
[rosout][INFO] 2025-11-09 13:58:25,371: Controller Spawner: Loaded controllers: joint_state_controller, torso_controller, head_controller, arm_controller, mobile_base_controller
[rosout][INFO] 2025-11-09 13:58:25,384: Started controllers: joint_state_controller, torso_controller, head_controller, arm_controller, mobile_base_controller
[rospy.impl.masterslave][INFO] 2025-11-09 14:37:36,889: external shutdown request from [/master]: [/default_controllers_spawner] Reason: new node registered with same name
[rospy.core][INFO] 2025-11-09 14:37:36,889: signal_shutdown [external shutdown request from [/master]: [[/default_controllers_spawner] Reason: new node registered with same name]]
[rosout][INFO] 2025-11-09 14:37:36,890: Shutting down spawner. Stopping and unloading controllers...
[rospy.internal][INFO] 2025-11-09 14:37:37,341: topic[/rosout] removing connection to /rosout
[rosout][INFO] 2025-11-09 14:37:37,911: Stopping all controllers...
[rosout][INFO] 2025-11-09 14:37:37,919: Unloading all loaded controllers...
[rosout][INFO] 2025-11-09 14:37:37,922: Trying to unload mobile_base_controller
[rosout][INFO] 2025-11-09 14:37:37,941: Succeeded in unloading mobile_base_controller
[rosout][INFO] 2025-11-09 14:37:37,944: Trying to unload arm_controller
[rosout][INFO] 2025-11-09 14:37:37,966: Succeeded in unloading arm_controller
[rosout][INFO] 2025-11-09 14:37:37,969: Trying to unload head_controller
[rosout][INFO] 2025-11-09 14:37:37,987: Succeeded in unloading head_controller
[rosout][INFO] 2025-11-09 14:37:37,989: Trying to unload torso_controller
[rosout][INFO] 2025-11-09 14:37:38,003: Succeeded in unloading torso_controller
[rosout][INFO] 2025-11-09 14:37:38,006: Trying to unload joint_state_controller
[rosout][INFO] 2025-11-09 14:37:38,012: Succeeded in unloading joint_state_controller
[rospy.internal][INFO] 2025-11-09 14:37:38,016: topic[/clock] removing connection to http://127.0.0.1:38381/
[rospy.core][INFO] 2025-11-09 14:37:38,117: signal_shutdown [atexit]
