[rospy.client][INFO] 2025-11-20 10:11:40,064: init_node, name[/default_controllers_spawner], pid[174]
[xmlrpc][INFO] 2025-11-20 10:11:40,065: XML-RPC server binding to 127.0.0.1:0
[xmlrpc][INFO] 2025-11-20 10:11:40,065: Started XML-RPC server [http://127.0.0.1:35691/]
[rospy.impl.masterslave][INFO] 2025-11-20 10:11:40,065: _ready: http://127.0.0.1:35691/
[rospy.init][INFO] 2025-11-20 10:11:40,066: ROS Slave URI: [http://127.0.0.1:35691/]
[rospy.registration][INFO] 2025-11-20 10:11:40,066: Registering with master node http://localhost:11311/
[xmlrpc][INFO] 2025-11-20 10:11:40,066: xml rpc node: starting XML-RPC server
[rospy.init][INFO] 2025-11-20 10:11:40,167: registered with master
[rospy.rosout][INFO] 2025-11-20 10:11:40,167: initializing /rosout core topic
[rospy.rosout][INFO] 2025-11-20 10:11:40,172: connected to core topic /rosout
[rospy.simtime][INFO] 2025-11-20 10:11:40,174: initializing /clock core topic
[rospy.simtime][INFO] 2025-11-20 10:11:40,177: connected to core topic /clock
[rosout][INFO] 2025-11-20 10:11:40,180: Controller Spawner: Waiting for service controller_manager/load_controller
[rospy.internal][INFO] 2025-11-20 10:11:40,376: topic[/rosout] adding connection to [/rosout], count 0
[rospy.internal][INFO] 2025-11-20 10:11:42,394: topic[/clock] adding connection to [http://127.0.0.1:37811/], count 0
[rosout][INFO] 2025-11-20 10:11:42,621: Controller Spawner: Waiting for service controller_manager/switch_controller
[rosout][INFO] 2025-11-20 10:11:42,632: Controller Spawner: Waiting for service controller_manager/unload_controller
[rosout][INFO] 2025-11-20 10:11:42,653: Loading controller: joint_state_controller
[rosout][INFO] 2025-11-20 10:11:42,783: Loading controller: torso_controller
[rosout][INFO] 2025-11-20 10:11:42,870: Loading controller: head_controller
[rosout][INFO] 2025-11-20 10:11:42,924: Loading controller: arm_controller
[rosout][INFO] 2025-11-20 10:11:42,995: Loading controller: mobile_base_controller
[rosout][INFO] 2025-11-20 10:11:43,172: Controller Spawner: Loaded controllers: joint_state_controller, torso_controller, head_controller, arm_controller, mobile_base_controller
[rosout][INFO] 2025-11-20 10:11:43,180: Started controllers: joint_state_controller, torso_controller, head_controller, arm_controller, mobile_base_controller
[rospy.core][INFO] 2025-11-20 10:20:23,309: signal_shutdown [signal-2]
[rosout][INFO] 2025-11-20 10:20:23,311: Shutting down spawner. Stopping and unloading controllers...
[rosout][INFO] 2025-11-20 10:20:24,382: Stopping all controllers...
[rospy.core][INFO] 2025-11-20 10:20:38,335: signal_shutdown [signal-15]
[rospy.internal][INFO] 2025-11-20 10:20:38,947: topic[/clock] removing connection to http://127.0.0.1:37811/
[rosout][WARNING] 2025-11-20 10:20:38,945: Controller Spawner couldn't reach controller_manager to take down controllers. Waited for 30 second(s).
[rospy.internal][INFO] 2025-11-20 10:20:38,951: topic[/rosout] removing connection to /rosout
[rospy.impl.masterslave][INFO] 2025-11-20 10:20:38,951: signal-2
[rospy.core][INFO] 2025-11-20 10:20:39,550: signal_shutdown [atexit]
