[rospy.client][INFO] 2025-12-17 19:54:17,610: init_node, name[/default_controllers_spawner], pid[167]
[xmlrpc][INFO] 2025-12-17 19:54:17,610: XML-RPC server binding to 127.0.0.1:0
[xmlrpc][INFO] 2025-12-17 19:54:17,611: Started XML-RPC server [http://127.0.0.1:42639/]
[rospy.init][INFO] 2025-12-17 19:54:17,611: ROS Slave URI: [http://127.0.0.1:42639/]
[rospy.impl.masterslave][INFO] 2025-12-17 19:54:17,611: _ready: http://127.0.0.1:42639/
[rospy.registration][INFO] 2025-12-17 19:54:17,612: Registering with master node http://localhost:11311/
[xmlrpc][INFO] 2025-12-17 19:54:17,612: xml rpc node: starting XML-RPC server
[rospy.init][INFO] 2025-12-17 19:54:17,711: registered with master
[rospy.rosout][INFO] 2025-12-17 19:54:17,711: initializing /rosout core topic
[rospy.rosout][INFO] 2025-12-17 19:54:17,715: connected to core topic /rosout
[rospy.simtime][INFO] 2025-12-17 19:54:17,716: initializing /clock core topic
[rospy.simtime][INFO] 2025-12-17 19:54:17,717: connected to core topic /clock
[rosout][INFO] 2025-12-17 19:54:17,719: Controller Spawner: Waiting for service controller_manager/load_controller
[rospy.internal][INFO] 2025-12-17 19:54:17,967: topic[/rosout] adding connection to [/rosout], count 0
[rospy.internal][INFO] 2025-12-17 19:54:18,188: topic[/clock] adding connection to [http://127.0.0.1:38921/], count 0
[rosout][INFO] 2025-12-17 19:54:19,543: Controller Spawner: Waiting for service controller_manager/switch_controller
[rosout][INFO] 2025-12-17 19:54:19,564: Controller Spawner: Waiting for service controller_manager/unload_controller
[rosout][INFO] 2025-12-17 19:54:19,590: Loading controller: joint_state_controller
[rosout][INFO] 2025-12-17 19:54:19,620: Loading controller: torso_controller
[rosout][INFO] 2025-12-17 19:54:19,742: Loading controller: head_controller
[rosout][INFO] 2025-12-17 19:54:19,945: Loading controller: arm_controller
[rosout][INFO] 2025-12-17 19:54:20,059: Loading controller: mobile_base_controller
[rosout][INFO] 2025-12-17 19:54:20,274: Controller Spawner: Loaded controllers: joint_state_controller, torso_controller, head_controller, arm_controller, mobile_base_controller
[rosout][INFO] 2025-12-17 19:54:20,300: Started controllers: joint_state_controller, torso_controller, head_controller, arm_controller, mobile_base_controller
[rospy.core][INFO] 2025-12-17 20:09:55,305: signal_shutdown [signal-2]
[rosout][INFO] 2025-12-17 20:09:55,308: Shutting down spawner. Stopping and unloading controllers...
[rosout][INFO] 2025-12-17 20:09:56,359: Stopping all controllers...
